Component: ARM Compiler 5.06 update 7 (build 960) Tool: armlink [4d3601]

==============================================================================

Section Cross References

    startup_stm32f103xe.o(RESET) refers to startup_stm32f103xe.o(STACK) for __initial_sp
    startup_stm32f103xe.o(RESET) refers to startup_stm32f103xe.o(.text) for Reset_Handler
    startup_stm32f103xe.o(RESET) refers to stm32f1xx_it.o(i.NMI_Handler) for NMI_Handler
    startup_stm32f103xe.o(RESET) refers to stm32f1xx_it.o(i.HardFault_Handler) for HardFault_Handler
    startup_stm32f103xe.o(RESET) refers to stm32f1xx_it.o(i.MemManage_Handler) for MemManage_Handler
    startup_stm32f103xe.o(RESET) refers to stm32f1xx_it.o(i.BusFault_Handler) for BusFault_Handler
    startup_stm32f103xe.o(RESET) refers to stm32f1xx_it.o(i.UsageFault_Handler) for UsageFault_Handler
    startup_stm32f103xe.o(RESET) refers to stm32f1xx_it.o(i.SVC_Handler) for SVC_Handler
    startup_stm32f103xe.o(RESET) refers to stm32f1xx_it.o(i.DebugMon_Handler) for DebugMon_Handler
    startup_stm32f103xe.o(RESET) refers to stm32f1xx_it.o(i.PendSV_Handler) for PendSV_Handler
    startup_stm32f103xe.o(RESET) refers to stm32f1xx_it.o(i.SysTick_Handler) for SysTick_Handler
    startup_stm32f103xe.o(RESET) refers to stm32f1xx_it.o(i.DMA1_Channel3_IRQHandler) for DMA1_Channel3_IRQHandler
    startup_stm32f103xe.o(RESET) refers to stm32f1xx_it.o(i.DMA1_Channel4_IRQHandler) for DMA1_Channel4_IRQHandler
    startup_stm32f103xe.o(RESET) refers to stm32f1xx_it.o(i.DMA1_Channel5_IRQHandler) for DMA1_Channel5_IRQHandler
    startup_stm32f103xe.o(RESET) refers to stm32f1xx_it.o(i.DMA1_Channel6_IRQHandler) for DMA1_Channel6_IRQHandler
    startup_stm32f103xe.o(RESET) refers to stm32f1xx_it.o(i.DMA1_Channel7_IRQHandler) for DMA1_Channel7_IRQHandler
    startup_stm32f103xe.o(RESET) refers to stm32f1xx_it.o(i.ADC1_2_IRQHandler) for ADC1_2_IRQHandler
    startup_stm32f103xe.o(RESET) refers to stm32f1xx_it.o(i.EXTI9_5_IRQHandler) for EXTI9_5_IRQHandler
    startup_stm32f103xe.o(RESET) refers to stm32f1xx_it.o(i.SPI1_IRQHandler) for SPI1_IRQHandler
    startup_stm32f103xe.o(RESET) refers to stm32f1xx_it.o(i.SPI2_IRQHandler) for SPI2_IRQHandler
    startup_stm32f103xe.o(RESET) refers to stm32f1xx_it.o(i.USART1_IRQHandler) for USART1_IRQHandler
    startup_stm32f103xe.o(RESET) refers to stm32f1xx_it.o(i.USART2_IRQHandler) for USART2_IRQHandler
    startup_stm32f103xe.o(RESET) refers to stm32f1xx_it.o(i.TIM5_IRQHandler) for TIM5_IRQHandler
    startup_stm32f103xe.o(RESET) refers to stm32f1xx_it.o(i.TIM6_IRQHandler) for TIM6_IRQHandler
    startup_stm32f103xe.o(RESET) refers to stm32f1xx_it.o(i.TIM7_IRQHandler) for TIM7_IRQHandler
    startup_stm32f103xe.o(.text) refers to system_stm32f1xx.o(i.SystemInit) for SystemInit
    startup_stm32f103xe.o(.text) refers to entry.o(.ARM.Collect$$$$00000000) for __main
    main.o(i.SystemClock_Config) refers to memseta.o(.text) for __aeabi_memclr4
    main.o(i.SystemClock_Config) refers to stm32f1xx_hal_rcc.o(i.HAL_RCC_OscConfig) for HAL_RCC_OscConfig
    main.o(i.SystemClock_Config) refers to stm32f1xx_hal_rcc.o(i.HAL_RCC_ClockConfig) for HAL_RCC_ClockConfig
    main.o(i.SystemClock_Config) refers to stm32f1xx_hal_rcc_ex.o(i.HAL_RCCEx_PeriphCLKConfig) for HAL_RCCEx_PeriphCLKConfig
    main.o(i.fgetc) refers to stm32f1xx_hal_uart.o(i.HAL_UART_Receive) for HAL_UART_Receive
    main.o(i.fgetc) refers to usart.o(.bss) for huart2
    main.o(i.fputc) refers to stm32f1xx_hal_uart.o(i.HAL_UART_Transmit) for HAL_UART_Transmit
    main.o(i.fputc) refers to usart.o(.bss) for huart2
    main.o(i.main) refers to stm32f1xx_hal.o(i.HAL_Init) for HAL_Init
    main.o(i.main) refers to main.o(i.SystemClock_Config) for SystemClock_Config
    main.o(i.main) refers to gpio.o(i.MX_GPIO_Init) for MX_GPIO_Init
    main.o(i.main) refers to dma.o(i.MX_DMA_Init) for MX_DMA_Init
    main.o(i.main) refers to usart.o(i.MX_USART1_UART_Init) for MX_USART1_UART_Init
    main.o(i.main) refers to adc.o(i.MX_ADC1_Init) for MX_ADC1_Init
    main.o(i.main) refers to usart.o(i.MX_USART2_UART_Init) for MX_USART2_UART_Init
    main.o(i.main) refers to tim.o(i.MX_TIM4_Init) for MX_TIM4_Init
    main.o(i.main) refers to spi.o(i.MX_SPI1_Init) for MX_SPI1_Init
    main.o(i.main) refers to spi.o(i.MX_SPI2_Init) for MX_SPI2_Init
    main.o(i.main) refers to tim.o(i.MX_TIM6_Init) for MX_TIM6_Init
    main.o(i.main) refers to tim.o(i.MX_TIM7_Init) for MX_TIM7_Init
    main.o(i.main) refers to tim.o(i.MX_TIM5_Init) for MX_TIM5_Init
    main.o(i.main) refers to stm32f1xx_hal_adc_ex.o(i.HAL_ADCEx_Calibration_Start) for HAL_ADCEx_Calibration_Start
    main.o(i.main) refers to stm32f1xx_hal_tim.o(i.HAL_TIM_Base_Start_IT) for HAL_TIM_Base_Start_IT
    main.o(i.main) refers to stm32f1xx_hal_gpio.o(i.HAL_GPIO_WritePin) for HAL_GPIO_WritePin
    main.o(i.main) refers to stm32f1xx_hal_uart.o(i.HAL_UART_Receive_IT) for HAL_UART_Receive_IT
    main.o(i.main) refers to st7789v2.o(i.LCD_Init) for LCD_Init
[...]
    i.HAL_ADC_MspInit                        0x0800070c   Section        0  adc.o(i.HAL_ADC_MspInit)
    i.HAL_DMA_Abort                          0x08000798   Section        0  stm32f1xx_hal_dma.o(i.HAL_DMA_Abort)
    i.HAL_DMA_Abort_IT                       0x080007e0   Section        0  stm32f1xx_hal_dma.o(i.HAL_DMA_Abort_IT)
    i.HAL_DMA_IRQHandler                     0x08000910   Section        0  stm32f1xx_hal_dma.o(i.HAL_DMA_IRQHandler)
    i.HAL_DMA_Init                           0x08000b58   Section        0  stm32f1xx_hal_dma.o(i.HAL_DMA_Init)
    i.HAL_DMA_Start_IT                       0x08000bd4   Section        0  stm32f1xx_hal_dma.o(i.HAL_DMA_Start_IT)
    i.HAL_Delay                              0x08000c44   Section        0  stm32f1xx_hal.o(i.HAL_Delay)
    i.HAL_GPIO_EXTI_Callback                 0x08000c68   Section        0  power_crl.o(i.HAL_GPIO_EXTI_Callback)
    i.HAL_GPIO_EXTI_IRQHandler               0x08000c78   Section        0  stm32f1xx_hal_gpio.o(i.HAL_GPIO_EXTI_IRQHandler)
    i.HAL_GPIO_Init                          0x08000c90   Section        0  stm32f1xx_hal_gpio.o(i.HAL_GPIO_Init)
    i.HAL_GPIO_ReadPin                       0x08000e88   Section        0  stm32f1xx_hal_gpio.o(i.HAL_GPIO_ReadPin)
    i.HAL_GPIO_WritePin                      0x08000e92   Section        0  stm32f1xx_hal_gpio.o(i.HAL_GPIO_WritePin)
    i.HAL_GetTick                            0x08000e9c   Section        0  stm32f1xx_hal.o(i.HAL_GetTick)
    i.HAL_IncTick                            0x08000ea8   Section        0  stm32f1xx_hal.o(i.HAL_IncTick)
    i.HAL_Init                               0x08000eb8   Section        0  stm32f1xx_hal.o(i.HAL_Init)
    i.HAL_InitTick                           0x08000edc   Section        0  stm32f1xx_hal.o(i.HAL_InitTick)
    i.HAL_MspInit                            0x08000f1c   Section        0  stm32f1xx_hal_msp.o(i.HAL_MspInit)
    i.HAL_NVIC_EnableIRQ                     0x08000f58   Section        0  stm32f1xx_hal_cortex.o(i.HAL_NVIC_EnableIRQ)
    i.HAL_NVIC_SetPriority                   0x08000f74   Section        0  stm32f1xx_hal_cortex.o(i.HAL_NVIC_SetPriority)
    i.HAL_NVIC_SetPriorityGrouping           0x08000fb4   Section        0  stm32f1xx_hal_cortex.o(i.HAL_NVIC_SetPriorityGrouping)
    i.HAL_RCCEx_GetPeriphCLKFreq             0x08000fd8   Section        0  stm32f1xx_hal_rcc_ex.o(i.HAL_RCCEx_GetPeriphCLKFreq)
    i.HAL_RCCEx_PeriphCLKConfig              0x08001090   Section        0  stm32f1xx_hal_rcc_ex.o(i.HAL_RCCEx_PeriphCLKConfig)
    i.HAL_RCC_ClockConfig                    0x0800117c   Section        0  stm32f1xx_hal_rcc.o(i.HAL_RCC_ClockConfig)
    i.HAL_RCC_GetPCLK1Freq                   0x080012a8   Section        0  stm32f1xx_hal_rcc.o(i.HAL_RCC_GetPCLK1Freq)
    i.HAL_RCC_GetPCLK2Freq                   0x080012c8   Section        0  stm32f1xx_hal_rcc.o(i.HAL_RCC_GetPCLK2Freq)
    i.HAL_RCC_GetSysClockFreq                0x080012e8   Section        0  stm32f1xx_hal_rcc.o(i.HAL_RCC_GetSysClockFreq)
    i.HAL_RCC_OscConfig                      0x08001334   Section        0  stm32f1xx_hal_rcc.o(i.HAL_RCC_OscConfig)
    i.HAL_SPI_ErrorCallback                  0x08001654   Section        0  stm32f1xx_hal_spi.o(i.HAL_SPI_ErrorCallback)
    i.HAL_SPI_IRQHandler                     0x08001658   Section        0  stm32f1xx_hal_spi.o(i.HAL_SPI_IRQHandler)
    i.HAL_SPI_Init                           0x08001738   Section        0  stm32f1xx_hal_spi.o(i.HAL_SPI_Init)
    i.HAL_SPI_MspInit                        0x080017ec   Section        0  spi.o(i.HAL_SPI_MspInit)
    i.HAL_SPI_Transmit                       0x08001944   Section        0  stm32f1xx_hal_spi.o(i.HAL_SPI_Transmit)
    i.HAL_SPI_Transmit_DMA                   0x08001aac   Section        0  stm32f1xx_hal_spi.o(i.HAL_SPI_Transmit_DMA)
    i.HAL_SPI_TxCpltCallback                 0x08001b78   Section        0  st7789v2.o(i.HAL_SPI_TxCpltCallback)
    i.HAL_SPI_TxHalfCpltCallback             0x08001b90   Section        0  stm32f1xx_hal_spi.o(i.HAL_SPI_TxHalfCpltCallback)
    i.HAL_SYSTICK_Config                     0x08001b92   Section        0  stm32f1xx_hal_cortex.o(i.HAL_SYSTICK_Config)
    i.HAL_TIMEx_BreakCallback                0x08001bba   Section        0  stm32f1xx_hal_tim_ex.o(i.HAL_TIMEx_BreakCallback)
    i.HAL_TIMEx_CommutCallback               0x08001bbc   Section        0  stm32f1xx_hal_tim_ex.o(i.HAL_TIMEx_CommutCallback)
    i.HAL_TIMEx_MasterConfigSynchronization  0x08001bc0   Section        0  stm32f1xx_hal_tim_ex.o(i.HAL_TIMEx_MasterConfigSynchronization)
    i.HAL_TIM_Base_Init                      0x08001c3c   Section        0  stm32f1xx_hal_tim.o(i.HAL_TIM_Base_Init)
    i.HAL_TIM_Base_MspInit                   0x08001c98   Section        0  tim.o(i.HAL_TIM_Base_MspInit)
    i.HAL_TIM_Base_Start_IT                  0x08001d3c   Section        0  stm32f1xx_hal_tim.o(i.HAL_TIM_Base_Start_IT)
    i.HAL_TIM_Base_Stop_IT                   0x08001da8   Section        0  stm32f1xx_hal_tim.o(i.HAL_TIM_Base_Stop_IT)
    i.HAL_TIM_ConfigClockSource              0x08001dd8   Section        0  stm32f1xx_hal_tim.o(i.HAL_TIM_ConfigClockSource)
    i.HAL_TIM_IC_CaptureCallback             0x08001eb4   Section        0  stm32f1xx_hal_tim.o(i.HAL_TIM_IC_CaptureCallback)
    i.HAL_TIM_IRQHandler                     0x08001eb6   Section        0  stm32f1xx_hal_tim.o(i.HAL_TIM_IRQHandler)
    i.HAL_TIM_MspPostInit                    0x08001fe8   Section        0  tim.o(i.HAL_TIM_MspPostInit)
    i.HAL_TIM_OC_DelayElapsedCallback        0x08002034   Section        0  stm32f1xx_hal_tim.o(i.HAL_TIM_OC_DelayElapsedCallback)
    i.HAL_TIM_PWM_ConfigChannel              0x08002036   Section        0  stm32f1xx_hal_tim.o(i.HAL_TIM_PWM_ConfigChannel)
    i.HAL_TIM_PWM_Init                       0x08002102   Section        0  stm32f1xx_hal_tim.o(i.HAL_TIM_PWM_Init)
    i.HAL_TIM_PWM_MspInit                    0x0800215c   Section        0  stm32f1xx_hal_tim.o(i.HAL_TIM_PWM_MspInit)
    i.HAL_TIM_PWM_PulseFinishedCallback      0x0800215e   Section        0  stm32f1xx_hal_tim.o(i.HAL_TIM_PWM_PulseFinishedCallback)
    i.HAL_TIM_PWM_Start                      0x08002160   Section        0  stm32f1xx_hal_tim.o(i.HAL_TIM_PWM_Start)
    i.HAL_TIM_PeriodElapsedCallback          0x08002214   Section        0  tim.o(i.HAL_TIM_PeriodElapsedCallback)
    i.HAL_TIM_TriggerCallback                0x080023d0   Section        0  stm32f1xx_hal_tim.o(i.HAL_TIM_TriggerCallback)
    i.HAL_UARTEx_RxEventCallback             0x080023d2   Section        0  stm32f1xx_hal_uart.o(i.HAL_UARTEx_RxEventCallback)
    i.HAL_UART_ErrorCallback                 0x080023d4   Section        0  stm32f1xx_hal_uart.o(i.HAL_UART_ErrorCallback)
    i.HAL_UART_IRQHandler                    0x080023d8   Section        0  stm32f1xx_hal_uart.o(i.HAL_UART_IRQHandler)
    i.HAL_UART_Init                          0x08002644   Section        0  stm32f1xx_hal_uart.o(i.HAL_UART_Init)
    i.HAL_UART_MspInit                       0x080026a8   Section        0  usart.o(i.HAL_UART_MspInit)
    i.HAL_UART_Receive_IT                    0x080027d8   Section        0  stm32f1xx_hal_uart.o(i.HAL_UART_Receive_IT)
    i.HAL_UART_RxCpltCallback                0x080027f4   Section        0  communication.o(i.HAL_UART_RxCpltCallback)
    i.HAL_UART_Transmit                      0x0800283c   Section        0  stm32f1xx_hal_uart.o(i.HAL_UART_Transmit)
    i.HAL_UART_TxCpltCallback                0x080028dc   Section        0  stm32f1xx_hal_uart.o(i.HAL_UART_TxCpltCallback)
    i.HardFault_Handler                      0x080028de   Section        0  stm32f1xx_it.o(i.HardFault_Handler)
    i.LCD_Address_Set                        0x080028e0   Section        0  st7789v2.o(i.LCD_Address_Set)
    i.LCD_Clear                              0x0800291c   Section        0  st7789v2.o(i.LCD_Clear)
    i.LCD_DrawLine                           0x08002974   Section        0  st7789v2.o(i.LCD_DrawLine)
    i.LCD_Draw_ColorPoint                    0x08002a60   Section        0  st7789v2.o(i.LCD_Draw_ColorPoint)
    i.LCD_Fill                               0x08002a78   Section        0  st7789v2.o(i.LCD_Fill)
    i.LCD_Init                               0x08002af8   Section        0  st7789v2.o(i.LCD_Init)
    i.LCD_Pow                                0x08002ca8   Section        0  st7789v2.o(i.LCD_Pow)
    LCD_Pow                                  0x08002ca9   Thumb Code    16  st7789v2.o(i.LCD_Pow)
    i.LCD_SPI_Send                           0x08002cb8   Section        0  st7789v2.o(i.LCD_SPI_Send)
    LCD_SPI_Send                             0x08002cb9   Thumb Code     4  st7789v2.o(i.LCD_SPI_Send)
    i.LCD_SPI_Send_DMA                       0x08002cbc   Section        0  st7789v2.o(i.LCD_SPI_Send_DMA)
    LCD_SPI_Send_DMA                         0x08002cbd   Thumb Code     4  st7789v2.o(i.LCD_SPI_Send_DMA)
    i.LCD_ShowChar                           0x08002cc0   Section        0  st7789v2.o(i.LCD_ShowChar)
    i.LCD_ShowNum                            0x08002dec   Section        0  st7789v2.o(i.LCD_ShowNum)
    i.LCD_ShowString                         0x08002e60   Section        0  st7789v2.o(i.LCD_ShowString)
    i.LCD_Show_Image_Internal_Flash          0x08002eb8   Section        0  st7789v2.o(i.LCD_Show_Image_Internal_Flash)
    i.LCD_Write_Cmd                          0x08002ef8   Section        0  st7789v2.o(i.LCD_Write_Cmd)
    LCD_Write_Cmd                            0x08002ef9   Thumb Code    22  st7789v2.o(i.LCD_Write_Cmd)
    i.LCD_Write_Data                         0x08002f14   Section        0  st7789v2.o(i.LCD_Write_Data)
    LCD_Write_Data                           0x08002f15   Thumb Code    22  st7789v2.o(i.LCD_Write_Data)
    i.LCD_Write_Data_16bit                   0x08002f30   Section        0  st7789v2.o(i.LCD_Write_Data_16bit)
    i.MODBUS_CRC16                           0x08002f58   Section        0  modbus_rtu.o(i.MODBUS_CRC16)
    i.MX_ADC1_Init                           0x08002f8c   Section        0  adc.o(i.MX_ADC1_Init)
    i.MX_DMA_Init                            0x08003034   Section        0  dma.o(i.MX_DMA_Init)
    i.MX_GPIO_Init                           0x080030a0   Section        0  gpio.o(i.MX_GPIO_Init)
    i.MX_SPI1_Init                           0x0800320c   Section        0  spi.o(i.MX_SPI1_Init)
    i.MX_SPI2_Init                           0x08003254   Section        0  spi.o(i.MX_SPI2_Init)
    i.MX_TIM4_Init                           0x08003298   Section        0  tim.o(i.MX_TIM4_Init)
    i.MX_TIM5_Init                           0x08003388   Section        0  tim.o(i.MX_TIM5_Init)
    i.MX_TIM6_Init                           0x080033f0   Section        0  tim.o(i.MX_TIM6_Init)
    i.MX_TIM7_Init                           0x08003434   Section        0  tim.o(i.MX_TIM7_Init)
    i.MX_USART1_UART_Init                    0x08003478   Section        0  usart.o(i.MX_USART1_UART_Init)
    i.MX_USART2_UART_Init                    0x080034b0   Section        0  usart.o(i.MX_USART2_UART_Init)
    i.MemManage_Handler                      0x080034e8   Section        0  stm32f1xx_it.o(i.MemManage_Handler)
    i.Modbus_Event                           0x080034ec   Section        0  modbus_rtu.o(i.Modbus_Event)
    i.Modbus_Fun3                            0x08003550   Section        0  modbus_rtu.o(i.Modbus_Fun3)
    i.Modbus_Fun4_slave1                     0x08003590   Section        0  modbus_rtu.o(i.Modbus_Fun4_slave1)
    i.Modbus_Fun4_slave2                     0x080035a4   Section        0  modbus_rtu.o(i.Modbus_Fun4_slave2)
    i.Modbus_Fun4_slave3                     0x080035b8   Section        0  modbus_rtu.o(i.Modbus_Fun4_slave3)
    i.NMI_Handler                            0x080035cc   Section        0  stm32f1xx_it.o(i.NMI_Handler)
    i.PendSV_Handler                         0x080035ce   Section        0  stm32f1xx_it.o(i.PendSV_Handler)
    i.PutChinese_12                          0x080035d0   Section        0  st7789v2.o(i.PutChinese_12)
    i.SPI1_IRQHandler                        0x0800366c   Section        0  stm32f1xx_it.o(i.SPI1_IRQHandler)
    i.SPI1_WriteByte                         0x08003678   Section        0  spi.o(i.SPI1_WriteByte)
    i.SPI1_WriteByte_DMA                     0x08003688   Section        0  spi.o(i.SPI1_WriteByte_DMA)
    i.SPI2_IRQHandler                        0x08003698   Section        0  stm32f1xx_it.o(i.SPI2_IRQHandler)
    i.SPI_DMAAbortOnError                    0x080036a4   Section        0  stm32f1xx_hal_spi.o(i.SPI_DMAAbortOnError)
    SPI_DMAAbortOnError                      0x080036a5   Thumb Code    16  stm32f1xx_hal_spi.o(i.SPI_DMAAbortOnError)
    i.SPI_DMAError                           0x080036b4   Section        0  stm32f1xx_hal_spi.o(i.SPI_DMAError)
    SPI_DMAError                             0x080036b5   Thumb Code    34  stm32f1xx_hal_spi.o(i.SPI_DMAError)
    i.SPI_DMAHalfTransmitCplt                0x080036d6   Section        0  stm32f1xx_hal_spi.o(i.SPI_DMAHalfTransmitCplt)
    SPI_DMAHalfTransmitCplt                  0x080036d7   Thumb Code    10  stm32f1xx_hal_spi.o(i.SPI_DMAHalfTransmitCplt)
    i.SPI_DMATransmitCplt                    0x080036e0   Section        0  stm32f1xx_hal_spi.o(i.SPI_DMATransmitCplt)
    SPI_DMATransmitCplt                      0x080036e1   Thumb Code   100  stm32f1xx_hal_spi.o(i.SPI_DMATransmitCplt)
    i.SPI_EndRxTxTransaction                 0x08003744   Section        0  stm32f1xx_hal_spi.o(i.SPI_EndRxTxTransaction)
    SPI_EndRxTxTransaction                   0x08003745   Thumb Code    52  stm32f1xx_hal_spi.o(i.SPI_EndRxTxTransaction)
    i.SPI_WaitFlagStateUntilTimeout          0x08003778   Section        0  stm32f1xx_hal_spi.o(i.SPI_WaitFlagStateUntilTimeout)
    SPI_WaitFlagStateUntilTimeout            0x08003779   Thumb Code   180  stm32f1xx_hal_spi.o(i.SPI_WaitFlagStateUntilTimeout)
    i.SVC_Handler                            0x08003830   Section        0  stm32f1xx_it.o(i.SVC_Handler)
    i.SysTick_Handler                        0x08003832   Section        0  stm32f1xx_it.o(i.SysTick_Handler)
    i.SystemClock_Config                     0x08003836   Section        0  main.o(i.SystemClock_Config)
    i.SystemInit                             0x080038b0   Section        0  system_stm32f1xx.o(i.SystemInit)
    i.TIM5_IRQHandler                        0x080038b4   Section        0  stm32f1xx_it.o(i.TIM5_IRQHandler)
    i.TIM6_IRQHandler                        0x080038c0   Section        0  stm32f1xx_it.o(i.TIM6_IRQHandler)
    i.TIM7_IRQHandler                        0x080038cc   Section        0  stm32f1xx_it.o(i.TIM7_IRQHandler)
    i.TIM_Base_SetConfig                     0x080038d8   Section        0  stm32f1xx_hal_tim.o(i.TIM_Base_SetConfig)
    i.TIM_CCxChannelCmd                      0x08003974   Section        0  stm32f1xx_hal_tim.o(i.TIM_CCxChannelCmd)
    i.TIM_ETR_SetConfig                      0x0800398e   Section        0  stm32f1xx_hal_tim.o(i.TIM_ETR_SetConfig)
    i.TIM_ITRx_SetConfig                     0x080039a2   Section        0  stm32f1xx_hal_tim.o(i.TIM_ITRx_SetConfig)
    TIM_ITRx_SetConfig                       0x080039a3   Thumb Code    16  stm32f1xx_hal_tim.o(i.TIM_ITRx_SetConfig)
    i.TIM_OC1_SetConfig                      0x080039b4   Section        0  stm32f1xx_hal_tim.o(i.TIM_OC1_SetConfig)
    TIM_OC1_SetConfig                        0x080039b5   Thumb Code    88  stm32f1xx_hal_tim.o(i.TIM_OC1_SetConfig)
    i.TIM_OC2_SetConfig                      0x08003a14   Section        0  stm32f1xx_hal_tim.o(i.TIM_OC2_SetConfig)
    i.TIM_OC3_SetConfig                      0x08003a80   Section        0  stm32f1xx_hal_tim.o(i.TIM_OC3_SetConfig)
    TIM_OC3_SetConfig                        0x08003a81   Thumb Code    96  stm32f1xx_hal_tim.o(i.TIM_OC3_SetConfig)
    i.TIM_OC4_SetConfig                      0x08003ae8   Section        0  stm32f1xx_hal_tim.o(i.TIM_OC4_SetConfig)
    TIM_OC4_SetConfig                        0x08003ae9   Thumb Code    70  stm32f1xx_hal_tim.o(i.TIM_OC4_SetConfig)
    i.TIM_TI1_ConfigInputStage               0x08003b38   Section        0  stm32f1xx_hal_tim.o(i.TIM_TI1_ConfigInputStage)
    TIM_TI1_ConfigInputStage                 0x08003b39   Thumb Code    34  stm32f1xx_hal_tim.o(i.TIM_TI1_ConfigInputStage)
    i.TIM_TI2_ConfigInputStage               0x08003b5a   Section        0  stm32f1xx_hal_tim.o(i.TIM_TI2_ConfigInputStage)
    TIM_TI2_ConfigInputStage                 0x08003b5b   Thumb Code    36  stm32f1xx_hal_tim.o(i.TIM_TI2_ConfigInputStage)
    i.UART_DMAAbortOnError                   0x08003b7e   Section        0  stm32f1xx_hal_uart.o(i.UART_DMAAbortOnError)
    UART_DMAAbortOnError                     0x08003b7f   Thumb Code    16  stm32f1xx_hal_uart.o(i.UART_DMAAbortOnError)
    i.UART_EndRxTransfer                     0x08003b8e   Section        0  stm32f1xx_hal_uart.o(i.UART_EndRxTransfer)
    UART_EndRxTransfer                       0x08003b8f   Thumb Code    78  stm32f1xx_hal_uart.o(i.UART_EndRxTransfer)
    i.UART_Receive_IT                        0x08003bdc   Section        0  stm32f1xx_hal_uart.o(i.UART_Receive_IT)
    UART_Receive_IT                          0x08003bdd   Thumb Code   194  stm32f1xx_hal_uart.o(i.UART_Receive_IT)
    i.UART_SetConfig                         0x08003ca0   Section        0  stm32f1xx_hal_uart.o(i.UART_SetConfig)
    UART_SetConfig                           0x08003ca1   Thumb Code   178  stm32f1xx_hal_uart.o(i.UART_SetConfig)
    i.UART_Start_Receive_IT                  0x08003d58   Section        0  stm32f1xx_hal_uart.o(i.UART_Start_Receive_IT)
    i.UART_WaitOnFlagUntilTimeout            0x08003d8e   Section        0  stm32f1xx_hal_uart.o(i.UART_WaitOnFlagUntilTimeout)
    UART_WaitOnFlagUntilTimeout              0x08003d8f   Thumb Code   114  stm32f1xx_hal_uart.o(i.UART_WaitOnFlagUntilTimeout)
    i.USART1_IRQHandler                      0x08003e00   Section        0  stm32f1xx_it.o(i.USART1_IRQHandler)
    i.USART2_IRQHandler                      0x08003e0c   Section        0  stm32f1xx_it.o(i.USART2_IRQHandler)
    i.UsageFault_Handler                     0x08003e18   Section        0  stm32f1xx_it.o(i.UsageFault_Handler)
    i.W25Q64_Test                            0x08003e1a   Section        0  spi_flash_w25q64.o(i.W25Q64_Test)
    i.__NVIC_SetPriority                     0x08003e1c   Section        0  stm32f1xx_hal_cortex.o(i.__NVIC_SetPriority)
    __NVIC_SetPriority                       0x08003e1d   Thumb Code    32  stm32f1xx_hal_cortex.o(i.__NVIC_SetPriority)
    i.__scatterload_copy                     0x08003e3c   Section       14  handlers.o(i.__scatterload_copy)
    i.__scatterload_null                     0x08003e4a   Section        2  handlers.o(i.__scatterload_null)
    i.__scatterload_zeroinit                 0x08003e4c   Section       14  handlers.o(i.__scatterload_zeroinit)
    i.buzzer_close                           0x08003e5c   Section        0  key_crl.o(i.buzzer_close)
    buzzer_close                             0x08003e5d   Thumb Code    24  key_crl.o(i.buzzer_close)
    i.buzzer_open                            0x08003e78   Section        0  key_crl.o(i.buzzer_open)
    buzzer_open                              0x08003e79   Thumb Code    10  key_crl.o(i.buzzer_open)
    i.channel_switch                         0x08003e88   Section        0  gui.o(i.channel_switch)
    i.channel_switch1                        0x08003ed4   Section        0  gui.o(i.channel_switch1)
    i.channel_switch2                        0x08003fb0   Section        0  gui.o(i.channel_switch2)
    i.channel_switch3                        0x0800408c   Section        0  gui.o(i.channel_switch3)
    i.delay_ms                               0x08004168   Section        0  delay.o(i.delay_ms)
    i.get_slave1_current_statu_multifunpower 0x0800418c   Section        0  modbus_rtu.o(i.get_slave1_current_statu_multifunpower)
    i.get_slave2_current_statu_multifunpower 0x080041d8   Section        0  modbus_rtu.o(i.get_slave2_current_statu_multifunpower)
    i.get_slave3_current_statu_multifunpower 0x08004224   Section        0  modbus_rtu.o(i.get_slave3_current_statu_multifunpower)
    i.get_slave_current_statu_multifunpower  0x08004270   Section        0  modbus_rtu.o(i.get_slave_current_statu_multifunpower)
    i.get_slave_init_statu_multifunpower     0x080042a4   Section        0  modbus_rtu.o(i.get_slave_init_statu_multifunpower)
    i.gui_icon_init                          0x080042f0   Section        0  gui.o(i.gui_icon_init)
    i.gui_init                               0x08004514   Section        0  gui.o(i.gui_init)
    i.icon_beat                              0x08004548   Section        0  gui.o(i.icon_beat)
    i.jump_to_init                           0x080045ec   Section        0  key_crl.o(i.jump_to_init)
    i.key1_press                             0x08004618   Section        0  key_crl.o(i.key1_press)
    i.key2_press                             0x08004664   Section        0  key_crl.o(i.key2_press)
    i.key3_press                             0x080046e4   Section        0  key_crl.o(i.key3_press)
    i.key4_press                             0x08004764   Section        0  key_crl.o(i.key4_press)
    i.key_init                               0x080047b8   Section        0  key_crl.o(i.key_init)
    i.key_scan                               0x080047d8   Section        0  key_crl.o(i.key_scan)
    i.main                                   0x080048c4   Section        0  main.o(i.main)
    i.modbus_send_data                       0x080049ec   Section        0  modbus_rtu.o(i.modbus_send_data)
    i.mode1_off                              0x08004a10   Section        0  modbus_rtu.o(i.mode1_off)
    i.mode2_off                              0x08004aa0   Section        0  modbus_rtu.o(i.mode2_off)
    i.mode3_off                              0x08004b30   Section        0  modbus_rtu.o(i.mode3_off)
    i.mode_channel_switch                    0x08004bc0   Section        0  key_crl.o(i.mode_channel_switch)
    i.mode_dis                               0x08004bf8   Section        0  gui.o(i.mode_dis)
    i.mode_switch                            0x08004c28   Section        0  gui.o(i.mode_switch)
    i.power_crl                              0x08004dbc   Section        0  power_crl.o(i.power_crl)
    i.power_dis                              0x08004dec   Section        0  gui.o(i.power_dis)
    i.pwm_crl                                0x08004e18   Section        0  pwm_crl.o(i.pwm_crl)
    i.refresh_icon                           0x08004e54   Section        0  gui.o(i.refresh_icon)
    i.slave_statu_update                     0x08004e68   Section        0  gui.o(i.slave_statu_update)
    i.sync_switch                            0x08004f24   Section        0  gui.o(i.sync_switch)
    i.wait_spi1_dma_transmit                 0x08004f84   Section        0  st7789v2.o(i.wait_spi1_dma_transmit)
    i.wind_dis                               0x08004f98   Section        0  gui.o(i.wind_dis)
    i.write_slave1_reg                       0x08004fc4   Section        0  modbus_rtu.o(i.write_slave1_reg)
    i.write_slave2_reg                       0x08005068   Section        0  modbus_rtu.o(i.write_slave2_reg)
    i.write_slave3_reg                       0x0800510c   Section        0  modbus_rtu.o(i.write_slave3_reg)
    i.write_slave_reg                        0x080051b0   Section        0  modbus_rtu.o(i.write_slave_reg)
    .constdata                               0x08005220   Section       18  stm32f1xx_hal_rcc.o(.constdata)
    aPredivFactorTable                       0x08005220   Data           2  stm32f1xx_hal_rcc.o(.constdata)
    aPLLMULFactorTable                       0x08005222   Data          16  stm32f1xx_hal_rcc.o(.constdata)
    .constdata                               0x08005232   Section       18  stm32f1xx_hal_rcc_ex.o(.constdata)
    aPredivFactorTable                       0x08005232   Data           2  stm32f1xx_hal_rcc_ex.o(.constdata)
    aPLLMULFactorTable                       0x08005234   Data          16  stm32f1xx_hal_rcc_ex.o(.constdata)
    .constdata                               0x08005244   Section       16  system_stm32f1xx.o(.constdata)
    .constdata                               0x08005254   Section        8  system_stm32f1xx.o(.constdata)
    .constdata                               0x0800525c   Section    27988  gui.o(.constdata)
    .constdata                               0x0800bfb0   Section    19712  st7789v2.o(.constdata)
    .data                                    0x20000000   Section        1  main.o(.data)
    now_value                                0x20000000   Data           1  main.o(.data)
    .data                                    0x20000002   Section       10  tim.o(.data)
    switch_flag                              0x20000002   Data           1  tim.o(.data)
    phase_flag                               0x20000003   Data           1  tim.o(.data)
    key_scan_cnt                             0x20000004   Data           1  tim.o(.data)
    beat_scan_cnt                            0x20000005   Data           1  tim.o(.data)
    update_cnt                               0x20000006   Data           1  tim.o(.data)
    modbus_04_scan_cnt                       0x20000007   Data           1  tim.o(.data)
    slave_cnt                                0x20000008   Data           1  tim.o(.data)
    phase_num                                0x2000000a   Data           2  tim.o(.data)
    .data                                    0x2000000c   Section       12  stm32f1xx_hal.o(.data)
    .data                                    0x20000018   Section        4  system_stm32f1xx.o(.data)
    .data                                    0x2000001c   Section        6  gui.o(.data)
    .data                                    0x20000022   Section        4  st7789v2.o(.data)
    .data                                    0x20000026   Section        2  st7789v2.o(.data)
    .data                                    0x20000028   Section        4  power_crl.o(.data)
    .data                                    0x2000002c   Section        1  power_crl.o(.data)
    .bss                                     0x20000030   Section       48  adc.o(.bss)
    .bss                                     0x20000060   Section      380  spi.o(.bss)
    .bss                                     0x200001dc   Section      288  tim.o(.bss)
    .bss                                     0x200002fc   Section      280  usart.o(.bss)
    .bss                                     0x20000414   Section       24  gui.o(.bss)
    .bss                                     0x2000042c   Section     1536  st7789v2.o(.bss)
    lcd_buf                                  0x2000042c   Data        1536  st7789v2.o(.bss)
    .bss                                     0x20000a2c   Section       10  key_crl.o(.bss)
    .bss                                     0x20000a36   Section      204  communication.o(.bss)
    .bss                                     0x20000b02   Section      117  modbus_rtu.o(.bss)
    STACK                                    0x20000b78   Section     1024  startup_stm32f103xe.o(STACK)

    Global Symbols

    Symbol Name                              Value     Ov Type        Size  Object(Section)

    BuildAttributes$$THM_ISAv4$P$D$K$B$S$PE$A:L22UL41UL21$X:L11$S22US41US21$IEEE1$IW$USESV6$~STKCKD$USESV7$~SHL$OSPACE$ROPI$EBA8$MICROLIB$REQ8$PRES8$EABIv2 0x00000000   Number         0  anon$$obj.o ABSOLUTE
    __ARM_use_no_argv                        0x00000000   Number         0  main.o ABSOLUTE
    __arm_fini_                               - Undefined Weak Reference
    __cpp_initialize__aeabi_                  - Undefined Weak Reference
    __cxa_finalize                            - Undefined Weak Reference
    __decompress                              - Undefined Weak Reference
    _clock_init                               - Undefined Weak Reference
    _microlib_exit                            - Undefined Weak Reference
    __Vectors_Size                           0x00000130   Number         0  startup_stm32f103xe.o ABSOLUTE
    __Vectors                                0x08000000   Data           4  startup_stm32f103xe.o(RESET)
    __Vectors_End                            0x08000130   Data           0  startup_stm32f103xe.o(RESET)
    __main                                   0x08000131   Thumb Code     0  entry.o(.ARM.Collect$$$$00000000)
    _main_stk                                0x08000131   Thumb Code     0  entry2.o(.ARM.Collect$$$$00000001)
    _main_scatterload                        0x08000135   Thumb Code     0  entry5.o(.ARM.Collect$$$$00000004)
    __main_after_scatterload                 0x08000139   Thumb Code     0  entry5.o(.ARM.Collect$$$$00000004)
    _main_clock                              0x08000139   Thumb Code     0  entry7b.o(.ARM.Collect$$$$00000008)
    _main_cpp_init                           0x08000139   Thumb Code     0  entry8b.o(.ARM.Collect$$$$0000000A)
    _main_init                               0x08000139   Thumb Code     0  entry9a.o(.ARM.Collect$$$$0000000B)
    __rt_lib_shutdown_fini                   0x08000141   Thumb Code     0  entry12b.o(.ARM.Collect$$$$0000000E)
    __rt_final_cpp                           0x08000145   Thumb Code     0  entry10a.o(.ARM.Collect$$$$0000000F)
    __rt_final_exit                          0x08000145   Thumb Code     0  entry11a.o(.ARM.Collect$$$$00000011)
    Reset_Handler                            0x08000149   Thumb Code     8  startup_stm32f103xe.o(.text)
    ADC3_IRQHandler                          0x08000163   Thumb Code     0  startup_stm32f103xe.o(.text)
    CAN1_RX1_IRQHandler                      0x08000163   Thumb Code     0  startup_stm32f103xe.o(.text)
    CAN1_SCE_IRQHandler                      0x08000163   Thumb Code     0  startup_stm32f103xe.o(.text)
    DMA1_Channel1_IRQHandler                 0x08000163   Thumb Code     0  startup_stm32f103xe.o(.text)
    DMA1_Channel2_IRQHandler                 0x08000163   Thumb Code     0  startup_stm32f103xe.o(.text)
    DMA2_Channel1_IRQHandler                 0x08000163   Thumb Code     0  startup_stm32f103xe.o(.text)
    DMA2_Channel2_IRQHandler                 0x08000163   Thumb Code     0  startup_stm32f103xe.o(.text)
    DMA2_Channel3_IRQHandler                 0x08000163   Thumb Code     0  startup_stm32f103xe.o(.text)
    DMA2_Channel4_5_IRQHandler               0x08000163   Thumb Code     0  startup_stm32f103xe.o(.text)
    EXTI0_IRQHandler                         0x08000163   Thumb Code     0  startup_stm32f103xe.o(.text)
    EXTI15_10_IRQHandler                     0x08000163   Thumb Code     0  startup_stm32f103xe.o(.text)
    EXTI1_IRQHandler                         0x08000163   Thumb Code     0  startup_stm32f103xe.o(.text)
    EXTI2_IRQHandler                         0x08000163   Thumb Code     0  startup_stm32f103xe.o(.text)
    EXTI3_IRQHandler                         0x08000163   Thumb Code     0  startup_stm32f103xe.o(.text)
    EXTI4_IRQHandler                         0x08000163   Thumb Code     0  startup_stm32f103xe.o(.text)
    FLASH_IRQHandler                         0x08000163   Thumb Code     0  startup_stm32f103xe.o(.text)
    FSMC_IRQHandler                          0x08000163   Thumb Code     0  startup_stm32f103xe.o(.text)
    I2C1_ER_IRQHandler                       0x08000163   Thumb Code     0  startup_stm32f103xe.o(.text)
    I2C1_EV_IRQHandler                       0x08000163   Thumb Code     0  startup_stm32f103xe.o(.text)
    I2C2_ER_IRQHandler                       0x08000163   Thumb Code     0  startup_stm32f103xe.o(.text)
    I2C2_EV_IRQHandler                       0x08000163   Thumb Code     0  startup_stm32f103xe.o(.text)
    PVD_IRQHandler                           0x08000163   Thumb Code     0  startup_stm32f103xe.o(.text)
    RCC_IRQHandler                           0x08000163   Thumb Code     0  startup_stm32f103xe.o(.text)
    RTC_Alarm_IRQHandler                     0x08000163   Thumb Code     0  startup_stm32f103xe.o(.text)
    RTC_IRQHandler                           0x08000163   Thumb Code     0  startup_stm32f103xe.o(.text)
    SDIO_IRQHandler                          0x08000163   Thumb Code     0  startup_stm32f103xe.o(.text)
    SPI3_IRQHandler                          0x08000163   Thumb Code     0  startup_stm32f103xe.o(.text)
    TAMPER_IRQHandler                        0x08000163   Thumb Code     0  startup_stm32f103xe.o(.text)
    TIM1_BRK_IRQHandler                      0x08000163   Thumb Code     0  startup_stm32f103xe.o(.text)
    TIM1_CC_IRQHandler                       0x08000163   Thumb Code     0  startup_stm32f103xe.o(.text)
    TIM1_TRG_COM_IRQHandler                  0x08000163   Thumb Code     0  startup_stm32f103xe.o(.text)
    TIM1_UP_IRQHandler                       0x08000163   Thumb Code     0  startup_stm32f103xe.o(.text)
    TIM2_IRQHandler                          0x08000163   Thumb Code     0  startup_stm32f103xe.o(.text)
    TIM3_IRQHandler                          0x08000163   Thumb Code     0  startup_stm32f103xe.o(.text)
    TIM4_IRQHandler                          0x08000163   Thumb Code     0  startup_stm32f103xe.o(.text)
    TIM8_BRK_IRQHandler                      0x08000163   Thumb Code     0  startup_stm32f103xe.o(.text)
    TIM8_CC_IRQHandler                       0x08000163   Thumb Code     0  startup_stm32f103xe.o(.text)
    TIM8_TRG_COM_IRQHandler                  0x08000163   Thumb Code     0  startup_stm32f103xe.o(.text)
    TIM8_UP_IRQHandler                       0x08000163   Thumb Code     0  startup_stm32f103xe.o(.text)
    UART4_IRQHandler                         0x08000163   Thumb Code     0  startup_stm32f103xe.o(.text)
    UART5_IRQHandler                         0x08000163   Thumb Code     0  startup_stm32f103xe.o(.text)
    USART3_IRQHandler                        0x08000163   Thumb Code     0  startup_stm32f103xe.o(.text)
    USBWakeUp_IRQHandler                     0x08000163   Thumb Code     0  startup_stm32f103xe.o(.text)
    USB_HP_CAN1_TX_IRQHandler                0x08000163   Thumb Code     0  startup_stm32f103xe.o(.text)
    USB_LP_CAN1_RX0_IRQHandler               0x08000163   Thumb Code     0  startup_stm32f103xe.o(.text)
    WWDG_IRQHandler                          0x08000163   Thumb Code     0  startup_stm32f103xe.o(.text)
    __aeabi_memcpy                           0x0800016d   Thumb Code    36  memcpya.o(.text)
    __aeabi_memcpy4                          0x0800016d   Thumb Code     0  memcpya.o(.text)
    __aeabi_memcpy8                          0x0800016d   Thumb Code     0  memcpya.o(.text)
    __aeabi_memset                           0x08000191   Thumb Code    14  memseta.o(.text)
    __aeabi_memset4                          0x08000191   Thumb Code     0  memseta.o(.text)
    __aeabi_memset8                          0x08000191   Thumb Code     0  memseta.o(.text)
    __aeabi_memclr                           0x0800019f   Thumb Code     4  memseta.o(.text)
    __aeabi_memclr4                          0x0800019f   Thumb Code     0  memseta.o(.text)
    __aeabi_memclr8                          0x0800019f   Thumb Code     0  memseta.o(.text)
    _memset$wrapper                          0x080001a3   Thumb Code    18  memseta.o(.text)
    __scatterload                            0x080001b5   Thumb Code    28  init.o(.text)
    __scatterload_rt2                        0x080001b5   Thumb Code     0  init.o(.text)
    ADC1_2_IRQHandler                        0x080001d9   Thumb Code     6  stm32f1xx_it.o(i.ADC1_2_IRQHandler)
    ADC_ConversionStop_Disable               0x080001e5   Thumb Code    86  stm32f1xx_hal_adc.o(i.ADC_ConversionStop_Disable)
    ADC_Enable                               0x0800023d   Thumb Code   114  stm32f1xx_hal_adc.o(i.ADC_Enable)
    BusFault_Handler                         0x080002b9   Thumb Code     2  stm32f1xx_it.o(i.BusFault_Handler)
    DMA1_Channel3_IRQHandler                 0x080002bd   Thumb Code     6  stm32f1xx_it.o(i.DMA1_Channel3_IRQHandler)
    DMA1_Channel4_IRQHandler                 0x080002c9   Thumb Code     6  stm32f1xx_it.o(i.DMA1_Channel4_IRQHandler)
    DMA1_Channel5_IRQHandler                 0x080002d5   Thumb Code     6  stm32f1xx_it.o(i.DMA1_Channel5_IRQHandler)
    DMA1_Channel6_IRQHandler                 0x080002e1   Thumb Code     6  stm32f1xx_it.o(i.DMA1_Channel6_IRQHandler)
    DMA1_Channel7_IRQHandler                 0x080002ed   Thumb Code     6  stm32f1xx_it.o(i.DMA1_Channel7_IRQHandler)
    DebugMon_Handler                         0x08000323   Thumb Code     2  stm32f1xx_it.o(i.DebugMon_Handler)
    EXTI9_5_IRQHandler                       0x08000325   Thumb Code     6  stm32f1xx_it.o(i.EXTI9_5_IRQHandler)
    Error_Handler                            0x0800032b   Thumb Code     4  main.o(i.Error_Handler)
    HAL_ADCEx_Calibration_Start              0x08000331   Thumb Code   210  stm32f1xx_hal_adc_ex.o(i.HAL_ADCEx_Calibration_Start)
    HAL_ADCEx_InjectedConvCpltCallback       0x08000409   Thumb Code     2  stm32f1xx_hal_adc_ex.o(i.HAL_ADCEx_InjectedConvCpltCallback)
    HAL_ADC_ConfigChannel                    0x0800040d   Thumb Code   240  stm32f1xx_hal_adc.o(i.HAL_ADC_ConfigChannel)
    HAL_ADC_ConvCpltCallback                 0x08000509   Thumb Code     2  stm32f1xx_hal_adc.o(i.HAL_ADC_ConvCpltCallback)
    HAL_ADC_IRQHandler                       0x0800050b   Thumb Code   220  stm32f1xx_hal_adc.o(i.HAL_ADC_IRQHandler)
    HAL_ADC_Init                             0x080005e9   Thumb Code   272  stm32f1xx_hal_adc.o(i.HAL_ADC_Init)
    HAL_ADC_LevelOutOfWindowCallback         0x08000709   Thumb Code     2  stm32f1xx_hal_adc.o(i.HAL_ADC_LevelOutOfWindowCallback)
    HAL_ADC_MspInit                          0x0800070d   Thumb Code   122  adc.o(i.HAL_ADC_MspInit)
    HAL_DMA_Abort                            0x08000799   Thumb Code    70  stm32f1xx_hal_dma.o(i.HAL_DMA_Abort)
    HAL_DMA_Abort_IT                         0x080007e1   Thumb Code   296  stm32f1xx_hal_dma.o(i.HAL_DMA_Abort_IT)
    HAL_DMA_IRQHandler                       0x08000911   Thumb Code   552  stm32f1xx_hal_dma.o(i.HAL_DMA_IRQHandler)
    HAL_DMA_Init                             0x08000b59   Thumb Code   112  stm32f1xx_hal_dma.o(i.HAL_DMA_Init)
    HAL_DMA_Start_IT                         0x08000bd5   Thumb Code   112  stm32f1xx_hal_dma.o(i.HAL_DMA_Start_IT)
    HAL_Delay                                0x08000c45   Thumb Code    32  stm32f1xx_hal.o(i.HAL_Delay)
    HAL_GPIO_EXTI_Callback                   0x08000c69   Thumb Code    12  power_crl.o(i.HAL_GPIO_EXTI_Callback)
    HAL_GPIO_EXTI_IRQHandler                 0x08000c79   Thumb Code    18  stm32f1xx_hal_gpio.o(i.HAL_GPIO_EXTI_IRQHandler)
    HAL_GPIO_Init                            0x08000c91   Thumb Code   462  stm32f1xx_hal_gpio.o(i.HAL_GPIO_Init)
    HAL_GPIO_ReadPin                         0x08000e89   Thumb Code    10  stm32f1xx_hal_gpio.o(i.HAL_GPIO_ReadPin)
    HAL_GPIO_WritePin                        0x08000e93   Thumb Code    10  stm32f1xx_hal_gpio.o(i.HAL_GPIO_WritePin)
    HAL_GetTick                              0x08000e9d   Thumb Code     6  stm32f1xx_hal.o(i.HAL_GetTick)
    HAL_IncTick                              0x08000ea9   Thumb Code    12  stm32f1xx_hal.o(i.HAL_IncTick)
    HAL_Init                                 0x08000eb9   Thumb Code    32  stm32f1xx_hal.o(i.HAL_Init)
    HAL_InitTick                             0x08000edd   Thumb Code    54  stm32f1xx_hal.o(i.HAL_InitTick)
    HAL_MspInit                              0x08000f1d   Thumb Code    52  stm32f1xx_hal_msp.o(i.HAL_MspInit)
    HAL_NVIC_EnableIRQ                       0x08000f59   Thumb Code    26  stm32f1xx_hal_cortex.o(i.HAL_NVIC_EnableIRQ)
    HAL_NVIC_SetPriority                     0x08000f75   Thumb Code    60  stm32f1xx_hal_cortex.o(i.HAL_NVIC_SetPriority)
    HAL_NVIC_SetPriorityGrouping             0x08000fb5   Thumb Code    26  stm32f1xx_hal_cortex.o(i.HAL_NVIC_SetPriorityGrouping)
    HAL_RCCEx_GetPeriphCLKFreq               0x08000fd9   Thumb Code   166  stm32f1xx_hal_rcc_ex.o(i.HAL_RCCEx_GetPeriphCLKFreq)
    HAL_RCCEx_PeriphCLKConfig                0x08001091   Thumb Code   224  stm32f1xx_hal_rcc_ex.o(i.HAL_RCCEx_PeriphCLKConfig)
    HAL_RCC_ClockConfig                      0x0800117d   Thumb Code   280  stm32f1xx_hal_rcc.o(i.HAL_RCC_ClockConfig)
    HAL_RCC_GetPCLK1Freq                     0x080012a9   Thumb Code    20  stm32f1xx_hal_rcc.o(i.HAL_RCC_GetPCLK1Freq)
    HAL_RCC_GetPCLK2Freq                     0x080012c9   Thumb Code    20  stm32f1xx_hal_rcc.o(i.HAL_RCC_GetPCLK2Freq)
    HAL_RCC_GetSysClockFreq                  0x080012e9   Thumb Code    58  stm32f1xx_hal_rcc.o(i.HAL_RCC_GetSysClockFreq)
    HAL_RCC_OscConfig                        0x08001335   Thumb Code   778  stm32f1xx_hal_rcc.o(i.HAL_RCC_OscConfig)
    HAL_SPI_ErrorCallback                    0x08001655   Thumb Code     2  stm32f1xx_hal_spi.o(i.HAL_SPI_ErrorCallback)
    HAL_SPI_IRQHandler                       0x08001659   Thumb Code   220  stm32f1xx_hal_spi.o(i.HAL_SPI_IRQHandler)
    HAL_SPI_Init                             0x08001739   Thumb Code   178  stm32f1xx_hal_spi.o(i.HAL_SPI_Init)
    HAL_SPI_MspInit                          0x080017ed   Thumb Code   314  spi.o(i.HAL_SPI_MspInit)
    HAL_SPI_Transmit                         0x08001945   Thumb Code   358  stm32f1xx_hal_spi.o(i.HAL_SPI_Transmit)
    HAL_SPI_Transmit_DMA                     0x08001aad   Thumb Code   190  stm32f1xx_hal_spi.o(i.HAL_SPI_Transmit_DMA)
    HAL_SPI_TxCpltCallback                   0x08001b79   Thumb Code    16  st7789v2.o(i.HAL_SPI_TxCpltCallback)
    HAL_SPI_TxHalfCpltCallback               0x08001b91   Thumb Code     2  stm32f1xx_hal_spi.o(i.HAL_SPI_TxHalfCpltCallback)
    HAL_SYSTICK_Config                       0x08001b93   Thumb Code    40  stm32f1xx_hal_cortex.o(i.HAL_SYSTICK_Config)
    HAL_TIMEx_BreakCallback                  0x08001bbb   Thumb Code     2  stm32f1xx_hal_tim_ex.o(i.HAL_TIMEx_BreakCallback)
    HAL_TIMEx_CommutCallback                 0x08001bbd   Thumb Code     2  stm32f1xx_hal_tim_ex.o(i.HAL_TIMEx_CommutCallback)
    HAL_TIMEx_MasterConfigSynchronization    0x08001bc1   Thumb Code   104  stm32f1xx_hal_tim_ex.o(i.HAL_TIMEx_MasterConfigSynchronization)
    HAL_TIM_Base_Init                        0x08001c3d   Thumb Code    90  stm32f1xx_hal_tim.o(i.HAL_TIM_Base_Init)
    HAL_TIM_Base_MspInit                     0x08001c99   Thumb Code   144  tim.o(i.HAL_TIM_Base_MspInit)
    HAL_TIM_Base_Start_IT                    0x08001d3d   Thumb Code    88  stm32f1xx_hal_tim.o(i.HAL_TIM_Base_Start_IT)
    HAL_TIM_Base_Stop_IT                     0x08001da9   Thumb Code    48  stm32f1xx_hal_tim.o(i.HAL_TIM_Base_Stop_IT)
    HAL_TIM_ConfigClockSource                0x08001dd9   Thumb Code   220  stm32f1xx_hal_tim.o(i.HAL_TIM_ConfigClockSource)
    HAL_TIM_IC_CaptureCallback               0x08001eb5   Thumb Code     2  stm32f1xx_hal_tim.o(i.HAL_TIM_IC_CaptureCallback)
    HAL_TIM_IRQHandler                       0x08001eb7   Thumb Code   304  stm32f1xx_hal_tim.o(i.HAL_TIM_IRQHandler)
    HAL_TIM_MspPostInit                      0x08001fe9   Thumb Code    64  tim.o(i.HAL_TIM_MspPostInit)
    HAL_TIM_OC_DelayElapsedCallback          0x08002035   Thumb Code     2  stm32f1xx_hal_tim.o(i.HAL_TIM_OC_DelayElapsedCallback)
    HAL_TIM_PWM_ConfigChannel                0x08002037   Thumb Code   204  stm32f1xx_hal_tim.o(i.HAL_TIM_PWM_ConfigChannel)
    HAL_TIM_PWM_Init                         0x08002103   Thumb Code    90  stm32f1xx_hal_tim.o(i.HAL_TIM_PWM_Init)
    HAL_TIM_PWM_MspInit                      0x0800215d   Thumb Code     2  stm32f1xx_hal_tim.o(i.HAL_TIM_PWM_MspInit)
    HAL_TIM_PWM_PulseFinishedCallback        0x0800215f   Thumb Code     2  stm32f1xx_hal_tim.o(i.HAL_TIM_PWM_PulseFinishedCallback)
    HAL_TIM_PWM_Start                        0x08002161   Thumb Code   160  stm32f1xx_hal_tim.o(i.HAL_TIM_PWM_Start)
    HAL_TIM_PeriodElapsedCallback            0x08002215   Thumb Code   398  tim.o(i.HAL_TIM_PeriodElapsedCallback)
    HAL_TIM_TriggerCallback                  0x080023d1   Thumb Code     2  stm32f1xx_hal_tim.o(i.HAL_TIM_TriggerCallback)
    HAL_UARTEx_RxEventCallback               0x080023d3   Thumb Code     2  stm32f1xx_hal_uart.o(i.HAL_UARTEx_RxEventCallback)
    HAL_UART_ErrorCallback                   0x080023d5   Thumb Code     2  stm32f1xx_hal_uart.o(i.HAL_UART_ErrorCallback)
    HAL_UART_IRQHandler                      0x080023d9   Thumb Code   616  stm32f1xx_hal_uart.o(i.HAL_UART_IRQHandler)
    HAL_UART_Init                            0x08002645   Thumb Code   100  stm32f1xx_hal_uart.o(i.HAL_UART_Init)
    HAL_UART_MspInit                         0x080026a9   Thumb Code   280  usart.o(i.HAL_UART_MspInit)
    HAL_UART_Receive_IT                      0x080027d9   Thumb Code    28  stm32f1xx_hal_uart.o(i.HAL_UART_Receive_IT)
    HAL_UART_RxCpltCallback                  0x080027f5   Thumb Code    60  communication.o(i.HAL_UART_RxCpltCallback)
    HAL_UART_Transmit                        0x0800283d   Thumb Code   160  stm32f1xx_hal_uart.o(i.HAL_UART_Transmit)
    HAL_UART_TxCpltCallback                  0x080028dd   Thumb Code     2  stm32f1xx_hal_uart.o(i.HAL_UART_TxCpltCallback)
    HardFault_Handler                        0x080028df   Thumb Code     2  stm32f1xx_it.o(i.HardFault_Handler)
    LCD_Address_Set                          0x080028e1   Thumb Code    58  st7789v2.o(i.LCD_Address_Set)
    LCD_Clear                                0x0800291d   Thumb Code    80  st7789v2.o(i.LCD_Clear)
    LCD_DrawLine                             0x08002975   Thumb Code   228  st7789v2.o(i.LCD_DrawLine)
    LCD_Draw_ColorPoint                      0x08002a61   Thumb Code    22  st7789v2.o(i.LCD_Draw_ColorPoint)
    LCD_Fill                                 0x08002a79   Thumb Code   118  st7789v2.o(i.LCD_Fill)
    LCD_Init                                 0x08002af9   Thumb Code   428  st7789v2.o(i.LCD_Init)
    LCD_ShowChar                             0x08002cc1   Thumb Code   288  st7789v2.o(i.LCD_ShowChar)
    LCD_ShowNum                              0x08002ded   Thumb Code   116  st7789v2.o(i.LCD_ShowNum)
    LCD_ShowString                           0x08002e61   Thumb Code    86  st7789v2.o(i.LCD_ShowString)
    LCD_Show_Image_Internal_Flash            0x08002eb9   Thumb Code    60  st7789v2.o(i.LCD_Show_Image_Internal_Flash)
    LCD_Write_Data_16bit                     0x08002f31   Thumb Code    36  st7789v2.o(i.LCD_Write_Data_16bit)
    MODBUS_CRC16                             0x08002f59   Thumb Code    50  modbus_rtu.o(i.MODBUS_CRC16)
    MX_ADC1_Init                             0x08002f8d   Thumb Code   160  adc.o(i.MX_ADC1_Init)
    MX_DMA_Init                              0x08003035   Thumb Code   104  dma.o(i.MX_DMA_Init)
    MX_GPIO_Init                             0x080030a1   Thumb Code   340  gpio.o(i.MX_GPIO_Init)
    MX_SPI1_Init                             0x0800320d   Thumb Code    62  spi.o(i.MX_SPI1_Init)
    MX_SPI2_Init                             0x08003255   Thumb Code    60  spi.o(i.MX_SPI2_Init)
    MX_TIM4_Init                             0x08003299   Thumb Code   232  tim.o(i.MX_TIM4_Init)
    MX_TIM5_Init                             0x08003389   Thumb Code    94  tim.o(i.MX_TIM5_Init)
    MX_TIM6_Init                             0x080033f1   Thumb Code    60  tim.o(i.MX_TIM6_Init)
    MX_TIM7_Init                             0x08003435   Thumb Code    58  tim.o(i.MX_TIM7_Init)
    MX_USART1_UART_Init                      0x08003479   Thumb Code    48  usart.o(i.MX_USART1_UART_Init)
    MX_USART2_UART_Init                      0x080034b1   Thumb Code    48  usart.o(i.MX_USART2_UART_Init)
    MemManage_Handler                        0x080034e9   Thumb Code     2  stm32f1xx_it.o(i.MemManage_Handler)
    Modbus_Event                             0x080034ed   Thumb Code    94  modbus_rtu.o(i.Modbus_Event)
    Modbus_Fun3                              0x08003551   Thumb Code    52  modbus_rtu.o(i.Modbus_Fun3)
    Modbus_Fun4_slave1                       0x08003591   Thumb Code    12  modbus_rtu.o(i.Modbus_Fun4_slave1)
    Modbus_Fun4_slave2                       0x080035a5   Thumb Code    12  modbus_rtu.o(i.Modbus_Fun4_slave2)
    Modbus_Fun4_slave3                       0x080035b9   Thumb Code    12  modbus_rtu.o(i.Modbus_Fun4_slave3)
    NMI_Handler                              0x080035cd   Thumb Code     2  stm32f1xx_it.o(i.NMI_Handler)
    PendSV_Handler                           0x080035cf   Thumb Code     2  stm32f1xx_it.o(i.PendSV_Handler)
    PutChinese_12                            0x080035d1   Thumb Code   150  st7789v2.o(i.PutChinese_12)
    SPI1_IRQHandler                          0x0800366d   Thumb Code     6  stm32f1xx_it.o(i.SPI1_IRQHandler)
    SPI1_WriteByte                           0x08003679   Thumb Code    12  spi.o(i.SPI1_WriteByte)
    SPI1_WriteByte_DMA                       0x08003689   Thumb Code    10  spi.o(i.SPI1_WriteByte_DMA)
    SPI2_IRQHandler                          0x08003699   Thumb Code     6  stm32f1xx_it.o(i.SPI2_IRQHandler)
    SVC_Handler                              0x08003831   Thumb Code     2  stm32f1xx_it.o(i.SVC_Handler)
    SysTick_Handler                          0x08003833   Thumb Code     4  stm32f1xx_it.o(i.SysTick_Handler)
    SystemClock_Config                       0x08003837   Thumb Code   122  main.o(i.SystemClock_Config)
    SystemInit                               0x080038b1   Thumb Code     2  system_stm32f1xx.o(i.SystemInit)
    TIM5_IRQHandler                          0x080038b5   Thumb Code     6  stm32f1xx_it.o(i.TIM5_IRQHandler)
    TIM6_IRQHandler                          0x080038c1   Thumb Code     6  stm32f1xx_it.o(i.TIM6_IRQHandler)
    TIM7_IRQHandler                          0x080038cd   Thumb Code     6  stm32f1xx_it.o(i.TIM7_IRQHandler)
    TIM_Base_SetConfig                       0x080038d9   Thumb Code   134  stm32f1xx_hal_tim.o(i.TIM_Base_SetConfig)
    TIM_CCxChannelCmd                        0x08003975   Thumb Code    26  stm32f1xx_hal_tim.o(i.TIM_CCxChannelCmd)
    TIM_ETR_SetConfig                        0x0800398f   Thumb Code    20  stm32f1xx_hal_tim.o(i.TIM_ETR_SetConfig)
    TIM_OC2_SetConfig                        0x08003a15   Thumb Code    98  stm32f1xx_hal_tim.o(i.TIM_OC2_SetConfig)
    UART_Start_Receive_IT                    0x08003d59   Thumb Code    54  stm32f1xx_hal_uart.o(i.UART_Start_Receive_IT)
    USART1_IRQHandler                        0x08003e01   Thumb Code     6  stm32f1xx_it.o(i.USART1_IRQHandler)
    USART2_IRQHandler                        0x08003e0d   Thumb Code     6  stm32f1xx_it.o(i.USART2_IRQHandler)
    UsageFault_Handler                       0x08003e19   Thumb Code     2  stm32f1xx_it.o(i.UsageFault_Handler)
    W25Q64_Test                              0x08003e1b   Thumb Code     2  spi_flash_w25q64.o(i.W25Q64_Test)
    __scatterload_copy                       0x08003e3d   Thumb Code    14  handlers.o(i.__scatterload_copy)
    __scatterload_null                       0x08003e4b   Thumb Code     2  handlers.o(i.__scatterload_null)
    __scatterload_zeroinit                   0x08003e4d   Thumb Code    14  handlers.o(i.__scatterload_zeroinit)
    channel_switch                           0x08003e89   Thumb Code    72  gui.o(i.channel_switch)
    channel_switch1                          0x08003ed5   Thumb Code   214  gui.o(i.channel_switch1)
    channel_switch2                          0x08003fb1   Thumb Code   214  gui.o(i.channel_switch2)
    channel_switch3                          0x0800408d   Thumb Code   214  gui.o(i.channel_switch3)
    delay_ms                                 0x08004169   Thumb Code    36  delay.o(i.delay_ms)
    get_slave1_current_statu_multifunpower   0x0800418d   Thumb Code    58  modbus_rtu.o(i.get_slave1_current_statu_multifunpower)
    get_slave2_current_statu_multifunpower   0x080041d9   Thumb Code    58  modbus_rtu.o(i.get_slave2_current_statu_multifunpower)
    get_slave3_current_statu_multifunpower   0x08004225   Thumb Code    58  modbus_rtu.o(i.get_slave3_current_statu_multifunpower)
    get_slave_current_statu_multifunpower    0x08004271   Thumb Code    46  modbus_rtu.o(i.get_slave_current_statu_multifunpower)
    get_slave_init_statu_multifunpower       0x080042a5   Thumb Code    58  modbus_rtu.o(i.get_slave_init_statu_multifunpower)
    gui_icon_init                            0x080042f1   Thumb Code   498  gui.o(i.gui_icon_init)
    gui_init                                 0x08004515   Thumb Code    44  gui.o(i.gui_init)
    icon_beat                                0x08004549   Thumb Code   160  gui.o(i.icon_beat)
    jump_to_init                             0x080045ed   Thumb Code    30  key_crl.o(i.jump_to_init)
    key1_press                               0x08004619   Thumb Code    62  key_crl.o(i.key1_press)
    key2_press                               0x08004665   Thumb Code   116  key_crl.o(i.key2_press)
    key3_press                               0x080046e5   Thumb Code   114  key_crl.o(i.key3_press)
    key4_press                               0x08004765   Thumb Code    76  key_crl.o(i.key4_press)
    key_init                                 0x080047b9   Thumb Code    26  key_crl.o(i.key_init)
    key_scan                                 0x080047d9   Thumb Code   224  key_crl.o(i.key_scan)
    main                                     0x080048c5   Thumb Code   248  main.o(i.main)
    modbus_send_data                         0x080049ed   Thumb Code    30  modbus_rtu.o(i.modbus_send_data)
    mode1_off                                0x08004a11   Thumb Code   132  modbus_rtu.o(i.mode1_off)
    mode2_off                                0x08004aa1   Thumb Code   132  modbus_rtu.o(i.mode2_off)
    mode3_off                                0x08004b31   Thumb Code   132  modbus_rtu.o(i.mode3_off)
    mode_channel_switch                      0x08004bc1   Thumb Code    50  key_crl.o(i.mode_channel_switch)
    mode_dis                                 0x08004bf9   Thumb Code    34  gui.o(i.mode_dis)
    mode_switch                              0x08004c29   Thumb Code   390  gui.o(i.mode_switch)
    power_crl                                0x08004dbd   Thumb Code    40  power_crl.o(i.power_crl)
    power_dis                                0x08004ded   Thumb Code    32  gui.o(i.power_dis)
    pwm_crl                                  0x08004e19   Thumb Code    50  pwm_crl.o(i.pwm_crl)
    refresh_icon                             0x08004e55   Thumb Code    18  gui.o(i.refresh_icon)
    slave_statu_update                       0x08004e69   Thumb Code   166  gui.o(i.slave_statu_update)
    sync_switch                              0x08004f25   Thumb Code    84  gui.o(i.sync_switch)
    wait_spi1_dma_transmit                   0x08004f85   Thumb Code    14  st7789v2.o(i.wait_spi1_dma_transmit)
    wind_dis                                 0x08004f99   Thumb Code    32  gui.o(i.wind_dis)
    write_slave1_reg                         0x08004fc5   Thumb Code   146  modbus_rtu.o(i.write_slave1_reg)
    write_slave2_reg                         0x08005069   Thumb Code   146  modbus_rtu.o(i.write_slave2_reg)
    write_slave3_reg                         0x0800510d   Thumb Code   146  modbus_rtu.o(i.write_slave3_reg)
    write_slave_reg                          0x080051b1   Thumb Code   104  modbus_rtu.o(i.write_slave_reg)
    AHBPrescTable                            0x08005244   Data          16  system_stm32f1xx.o(.constdata)
    APBPrescTable                            0x08005254   Data           8  system_stm32f1xx.o(.constdata)
    gImage_connect_on                        0x0800525c   Data        1740  gui.o(.constdata)
    gImage_sync_on                           0x08005928   Data        1800  gui.o(.constdata)
    gImage_sync_off                          0x08006030   Data        1800  gui.o(.constdata)
    gImage_alarm_M                           0x08006738   Data        1682  gui.o(.constdata)
    gImage_alarm_L                           0x08006dca   Data        1682  gui.o(.constdata)
    gImage_dry1_on                           0x0800745c   Data        1452  gui.o(.constdata)
    gImage_dry1_off                          0x08007a08   Data        1452  gui.o(.constdata)
    gImage_dry2_on                           0x08007fb4   Data        1408  gui.o(.constdata)
    gImage_dry2_off                          0x08008534   Data        1408  gui.o(.constdata)
    gImage_dry3_on                           0x08008ab4   Data        1408  gui.o(.constdata)
    gImage_dry3_off                          0x08009034   Data        1408  gui.o(.constdata)
    gImage_channel_on                        0x080095b4   Data        2024  gui.o(.constdata)
    gImage_channel_off                       0x08009d9c   Data        2024  gui.o(.constdata)
    gImage_power                             0x0800a584   Data        2048  gui.o(.constdata)
    gImage_wind                              0x0800ad84   Data        2048  gui.o(.constdata)
    gImage_mode                              0x0800b584   Data        2604  gui.o(.constdata)
    asc2_1206                                0x0800bfb0   Data        1140  st7789v2.o(.constdata)
    asc2_1608                                0x0800c424   Data        1520  st7789v2.o(.constdata)
    asc2_2412                                0x0800ca14   Data        4560  st7789v2.o(.constdata)
    asc2_3216                                0x0800dbe4   Data       12160  st7789v2.o(.constdata)
    tfont16                                  0x08010b64   Data         306  st7789v2.o(.constdata)
    tfont12                                  0x08010c96   Data          26  st7789v2.o(.constdata)
    Region$$Table$$Base                      0x08010cb0   Number         0  anon$$obj.o(Region$$Table)
    Region$$Table$$Limit                     0x08010cd0   Number         0  anon$$obj.o(Region$$Table)
    uwTickFreq                               0x2000000c   Data           1  stm32f1xx_hal.o(.data)
    uwTickPrio                               0x20000010   Data           4  stm32f1xx_hal.o(.data)
    uwTick                                   0x20000014   Data           4  stm32f1xx_hal.o(.data)
    SystemCoreClock                          0x20000018   Data           4  system_stm32f1xx.o(.data)
    gui_beat                                 0x2000001c   Data           6  gui.o(.data)
    transmit_complete_flag1                  0x20000022   Data           1  st7789v2.o(.data)
    POINT_COLOR                              0x20000024   Data           2  st7789v2.o(.data)
    BACK_COLOR                               0x20000026   Data           2  st7789v2.o(.data)
    zero_flag                                0x20000028   Data           1  power_crl.o(.data)
    power_phase_delay                        0x2000002a   Data           2  power_crl.o(.data)
    power_ch1_statu                          0x2000002c   Data           1  power_crl.o(.data)
    hadc1                                    0x20000030   Data          48  adc.o(.bss)
    hspi1                                    0x20000060   Data          88  spi.o(.bss)
    hspi2                                    0x200000b8   Data          88  spi.o(.bss)
    hdma_spi1_tx                             0x20000110   Data          68  spi.o(.bss)
    hdma_spi2_rx                             0x20000154   Data          68  spi.o(.bss)
    hdma_spi2_tx                             0x20000198   Data          68  spi.o(.bss)
    htim4                                    0x200001dc   Data          72  tim.o(.bss)
    htim5                                    0x20000224   Data          72  tim.o(.bss)
    htim6                                    0x2000026c   Data          72  tim.o(.bss)
    htim7                                    0x200002b4   Data          72  tim.o(.bss)
    huart1                                   0x200002fc   Data          72  usart.o(.bss)
    huart2                                   0x20000344   Data          72  usart.o(.bss)
    hdma_usart2_rx                           0x2000038c   Data          68  usart.o(.bss)
    hdma_usart2_tx                           0x200003d0   Data          68  usart.o(.bss)
    gui_info                                 0x20000414   Data          24  gui.o(.bss)
    key                                      0x20000a2c   Data          10  key_crl.o(.bss)
    rs485                                    0x20000a36   Data         204  communication.o(.bss)
    modbus                                   0x20000b02   Data         117  modbus_rtu.o(.bss)
    __initial_sp                             0x20000f78   Data           0  startup_stm32f103xe.o(STACK)



==============================================================================

Memory Map of the image

  Image Entry point : 0x08000131

  Load Region LR_IROM1 (Base: 0x08000000, Size: 0x00010d00, Max: 0x00040000, ABSOLUTE)

    Execution Region ER_IROM1 (Exec base: 0x08000000, Load base: 0x08000000, Size: 0x00010cd0, Max: 0x00040000, ABSOLUTE)

    Exec Addr    Load Addr    Size         Type   Attr      Idx    E Section Name        Object

    0x08000000   0x08000000   0x00000130   Data   RO            3    RESET               startup_stm32f103xe.o
    0x08000130   0x08000130   0x00000000   Code   RO         4520  * .ARM.Collect$$$$00000000  mc_w.l(entry.o)
    0x08000130   0x08000130   0x00000004   Code   RO         4791    .ARM.Collect$$$$00000001  mc_w.l(entry2.o)
    0x08000134   0x08000134   0x00000004   Code   RO         4794    .ARM.Collect$$$$00000004  mc_w.l(entry5.o)
    0x08000138   0x08000138   0x00000000   Code   RO         4796    .ARM.Collect$$$$00000008  mc_w.l(entry7b.o)
    0x08000138   0x08000138   0x00000000   Code   RO         4798    .ARM.Collect$$$$0000000A  mc_w.l(entry8b.o)
    0x08000138   0x08000138   0x00000008   Code   RO         4799    .ARM.Collect$$$$0000000B  mc_w.l(entry9a.o)
    0x08000140   0x08000140   0x00000004   Code   RO         4806    .ARM.Collect$$$$0000000E  mc_w.l(entry12b.o)
    0x08000144   0x08000144   0x00000000   Code   RO         4801    .ARM.Collect$$$$0000000F  mc_w.l(entry10a.o)
    0x08000144   0x08000144   0x00000000   Code   RO         4803    .ARM.Collect$$$$00000011  mc_w.l(entry11a.o)
    0x08000144   0x08000144   0x00000004   Code   RO         4792    .ARM.Collect$$$$00002712  mc_w.l(entry2.o)
    0x08000148   0x08000148   0x00000024   Code   RO            4    .text               startup_stm32f103xe.o
    0x0800016c   0x0800016c   0x00000024   Code   RO         4525    .text               mc_w.l(memcpya.o)
    0x08000190   0x08000190   0x00000024   Code   RO         4527    .text               mc_w.l(memseta.o)
    0x080001b4   0x080001b4   0x00000024   Code   RO         4823    .text               mc_w.l(init.o)
    0x080001d8   0x080001d8   0x0000000c   Code   RO          527    i.ADC1_2_IRQHandler  stm32f1xx_it.o
    0x080001e4   0x080001e4   0x00000056   Code   RO          747    i.ADC_ConversionStop_Disable  stm32f1xx_hal_adc.o
    0x0800023a   0x0800023a   0x00000002   PAD
    0x0800023c   0x0800023c   0x0000007c   Code   RO          751    i.ADC_Enable        stm32f1xx_hal_adc.o
    0x080002b8   0x080002b8   0x00000002   Code   RO          528    i.BusFault_Handler  stm32f1xx_it.o
    0x080002ba   0x080002ba   0x00000002   PAD
    0x080002bc   0x080002bc   0x0000000c   Code   RO          529    i.DMA1_Channel3_IRQHandler  stm32f1xx_it.o
    0x080002c8   0x080002c8   0x0000000c   Code   RO          530    i.DMA1_Channel4_IRQHandler  stm32f1xx_it.o
    0x080002d4   0x080002d4   0x0000000c   Code   RO          531    i.DMA1_Channel5_IRQHandler  stm32f1xx_it.o
    0x080002e0   0x080002e0   0x0000000c   Code   RO          532    i.DMA1_Channel6_IRQHandler  stm32f1xx_it.o
    0x080002ec   0x080002ec   0x0000000c   Code   RO          533    i.DMA1_Channel7_IRQHandler  stm32f1xx_it.o
    0x080002f8   0x080002f8   0x0000002a   Code   RO         1403    i.DMA_SetConfig     stm32f1xx_hal_dma.o
    0x08000322   0x08000322   0x00000002   Code   RO          534    i.DebugMon_Handler  stm32f1xx_it.o
    0x08000324   0x08000324   0x00000006   Code   RO          535    i.EXTI9_5_IRQHandler  stm32f1xx_it.o
    0x0800032a   0x0800032a   0x00000004   Code   RO           13    i.Error_Handler     main.o
    0x0800032e   0x0800032e   0x00000002   PAD
    0x08000330   0x08000330   0x000000d8   Code   RO          927    i.HAL_ADCEx_Calibration_Start  stm32f1xx_hal_adc_ex.o
    0x08000408   0x08000408   0x00000002   Code   RO          929    i.HAL_ADCEx_InjectedConvCpltCallback  stm32f1xx_hal_adc_ex.o
    0x0800040a   0x0800040a   0x00000002   PAD
    0x0800040c   0x0800040c   0x000000fc   Code   RO          753    i.HAL_ADC_ConfigChannel  stm32f1xx_hal_adc.o
    0x08000508   0x08000508   0x00000002   Code   RO          754    i.HAL_ADC_ConvCpltCallback  stm32f1xx_hal_adc.o
    0x0800050a   0x0800050a   0x000000dc   Code   RO          761    i.HAL_ADC_IRQHandler  stm32f1xx_hal_adc.o
    0x080005e6   0x080005e6   0x00000002   PAD
    0x080005e8   0x080005e8   0x00000120   Code   RO          762    i.HAL_ADC_Init      stm32f1xx_hal_adc.o
    0x08000708   0x08000708   0x00000002   Code   RO          763    i.HAL_ADC_LevelOutOfWindowCallback  stm32f1xx_hal_adc.o
    0x0800070a   0x0800070a   0x00000002   PAD
    0x0800070c   0x0800070c   0x0000008c   Code   RO          264    i.HAL_ADC_MspInit   adc.o
    0x08000798   0x08000798   0x00000046   Code   RO         1404    i.HAL_DMA_Abort     stm32f1xx_hal_dma.o
    0x080007de   0x080007de   0x00000002   PAD
    0x080007e0   0x080007e0   0x00000130   Code   RO         1405    i.HAL_DMA_Abort_IT  stm32f1xx_hal_dma.o
    0x08000910   0x08000910   0x00000248   Code   RO         1409    i.HAL_DMA_IRQHandler  stm32f1xx_hal_dma.o
    0x08000b58   0x08000b58   0x0000007c   Code   RO         1410    i.HAL_DMA_Init      stm32f1xx_hal_dma.o
    0x08000bd4   0x08000bd4   0x00000070   Code   RO         1414    i.HAL_DMA_Start_IT  stm32f1xx_hal_dma.o
    0x08000c44   0x08000c44   0x00000024   Code   RO         1030    i.HAL_Delay         stm32f1xx_hal.o
    0x08000c68   0x08000c68   0x00000010   Code   RO         4159    i.HAL_GPIO_EXTI_Callback  power_crl.o
    0x08000c78   0x08000c78   0x00000018   Code   RO         1339    i.HAL_GPIO_EXTI_IRQHandler  stm32f1xx_hal_gpio.o
    0x08000c90   0x08000c90   0x000001f8   Code   RO         1340    i.HAL_GPIO_Init     stm32f1xx_hal_gpio.o
    0x08000e88   0x08000e88   0x0000000a   Code   RO         1342    i.HAL_GPIO_ReadPin  stm32f1xx_hal_gpio.o
    0x08000e92   0x08000e92   0x0000000a   Code   RO         1344    i.HAL_GPIO_WritePin  stm32f1xx_hal_gpio.o
    0x08000e9c   0x08000e9c   0x0000000c   Code   RO         1034    i.HAL_GetTick       stm32f1xx_hal.o
    0x08000ea8   0x08000ea8   0x00000010   Code   RO         1040    i.HAL_IncTick       stm32f1xx_hal.o
    0x08000eb8   0x08000eb8   0x00000024   Code   RO         1041    i.HAL_Init          stm32f1xx_hal.o
    0x08000edc   0x08000edc   0x00000040   Code   RO         1042    i.HAL_InitTick      stm32f1xx_hal.o
    0x08000f1c   0x08000f1c   0x0000003c   Code   RO          687    i.HAL_MspInit       stm32f1xx_hal_msp.o
    0x08000f58   0x08000f58   0x0000001a   Code   RO         1500    i.HAL_NVIC_EnableIRQ  stm32f1xx_hal_cortex.o
    0x08000f72   0x08000f72   0x00000002   PAD
    0x08000f74   0x08000f74   0x00000040   Code   RO         1506    i.HAL_NVIC_SetPriority  stm32f1xx_hal_cortex.o
    0x08000fb4   0x08000fb4   0x00000024   Code   RO         1507    i.HAL_NVIC_SetPriorityGrouping  stm32f1xx_hal_cortex.o
    0x08000fd8   0x08000fd8   0x000000b8   Code   RO         1301    i.HAL_RCCEx_GetPeriphCLKFreq  stm32f1xx_hal_rcc_ex.o
    0x08001090   0x08001090   0x000000ec   Code   RO         1302    i.HAL_RCCEx_PeriphCLKConfig  stm32f1xx_hal_rcc_ex.o
    0x0800117c   0x0800117c   0x0000012c   Code   RO         1198    i.HAL_RCC_ClockConfig  stm32f1xx_hal_rcc.o
    0x080012a8   0x080012a8   0x00000020   Code   RO         1205    i.HAL_RCC_GetPCLK1Freq  stm32f1xx_hal_rcc.o
    0x080012c8   0x080012c8   0x00000020   Code   RO         1206    i.HAL_RCC_GetPCLK2Freq  stm32f1xx_hal_rcc.o
    0x080012e8   0x080012e8   0x0000004c   Code   RO         1207    i.HAL_RCC_GetSysClockFreq  stm32f1xx_hal_rcc.o
    0x08001334   0x08001334   0x00000320   Code   RO         1210    i.HAL_RCC_OscConfig  stm32f1xx_hal_rcc.o
    0x08001654   0x08001654   0x00000002   Code   RO         2007    i.HAL_SPI_ErrorCallback  stm32f1xx_hal_spi.o
    0x08001656   0x08001656   0x00000002   PAD
    0x08001658   0x08001658   0x000000e0   Code   RO         2010    i.HAL_SPI_IRQHandler  stm32f1xx_hal_spi.o
    0x08001738   0x08001738   0x000000b2   Code   RO         2011    i.HAL_SPI_Init      stm32f1xx_hal_spi.o
    0x080017ea   0x080017ea   0x00000002   PAD
    0x080017ec   0x080017ec   0x00000158   Code   RO          338    i.HAL_SPI_MspInit   spi.o
    0x08001944   0x08001944   0x00000166   Code   RO         2019    i.HAL_SPI_Transmit  stm32f1xx_hal_spi.o
    0x08001aaa   0x08001aaa   0x00000002   PAD
    0x08001aac   0x08001aac   0x000000cc   Code   RO         2023    i.HAL_SPI_Transmit_DMA  stm32f1xx_hal_spi.o
    0x08001b78   0x08001b78   0x00000018   Code   RO         3827    i.HAL_SPI_TxCpltCallback  st7789v2.o
    0x08001b90   0x08001b90   0x00000002   Code   RO         2026    i.HAL_SPI_TxHalfCpltCallback  stm32f1xx_hal_spi.o
    0x08001b92   0x08001b92   0x00000028   Code   RO         1511    i.HAL_SYSTICK_Config  stm32f1xx_hal_cortex.o
    0x08001bba   0x08001bba   0x00000002   Code   RO         3028    i.HAL_TIMEx_BreakCallback  stm32f1xx_hal_tim_ex.o
    0x08001bbc   0x08001bbc   0x00000002   Code   RO         3029    i.HAL_TIMEx_CommutCallback  stm32f1xx_hal_tim_ex.o
    0x08001bbe   0x08001bbe   0x00000002   PAD
    0x08001bc0   0x08001bc0   0x0000007c   Code   RO         3047    i.HAL_TIMEx_MasterConfigSynchronization  stm32f1xx_hal_tim_ex.o
    0x08001c3c   0x08001c3c   0x0000005a   Code   RO         2324    i.HAL_TIM_Base_Init  stm32f1xx_hal_tim.o
    0x08001c96   0x08001c96   0x00000002   PAD
    0x08001c98   0x08001c98   0x000000a4   Code   RO          404    i.HAL_TIM_Base_MspInit  tim.o
    0x08001d3c   0x08001d3c   0x0000006c   Code   RO         2329    i.HAL_TIM_Base_Start_IT  stm32f1xx_hal_tim.o
    0x08001da8   0x08001da8   0x00000030   Code   RO         2332    i.HAL_TIM_Base_Stop_IT  stm32f1xx_hal_tim.o
    0x08001dd8   0x08001dd8   0x000000dc   Code   RO         2333    i.HAL_TIM_ConfigClockSource  stm32f1xx_hal_tim.o
    0x08001eb4   0x08001eb4   0x00000002   Code   RO         2358    i.HAL_TIM_IC_CaptureCallback  stm32f1xx_hal_tim.o
    0x08001eb6   0x08001eb6   0x00000130   Code   RO         2372    i.HAL_TIM_IRQHandler  stm32f1xx_hal_tim.o
    0x08001fe6   0x08001fe6   0x00000002   PAD
    0x08001fe8   0x08001fe8   0x0000004c   Code   RO          405    i.HAL_TIM_MspPostInit  tim.o
    0x08002034   0x08002034   0x00000002   Code   RO         2375    i.HAL_TIM_OC_DelayElapsedCallback  stm32f1xx_hal_tim.o
    0x08002036   0x08002036   0x000000cc   Code   RO         2396    i.HAL_TIM_PWM_ConfigChannel  stm32f1xx_hal_tim.o
    0x08002102   0x08002102   0x0000005a   Code   RO         2399    i.HAL_TIM_PWM_Init  stm32f1xx_hal_tim.o
    0x0800215c   0x0800215c   0x00000002   Code   RO         2401    i.HAL_TIM_PWM_MspInit  stm32f1xx_hal_tim.o
    0x0800215e   0x0800215e   0x00000002   Code   RO         2402    i.HAL_TIM_PWM_PulseFinishedCallback  stm32f1xx_hal_tim.o
    0x08002160   0x08002160   0x000000b4   Code   RO         2404    i.HAL_TIM_PWM_Start  stm32f1xx_hal_tim.o
    0x08002214   0x08002214   0x000001bc   Code   RO          406    i.HAL_TIM_PeriodElapsedCallback  tim.o
    0x080023d0   0x080023d0   0x00000002   Code   RO         2415    i.HAL_TIM_TriggerCallback  stm32f1xx_hal_tim.o
    0x080023d2   0x080023d2   0x00000002   Code   RO         3307    i.HAL_UARTEx_RxEventCallback  stm32f1xx_hal_uart.o
    0x080023d4   0x080023d4   0x00000002   Code   RO         3321    i.HAL_UART_ErrorCallback  stm32f1xx_hal_uart.o
    0x080023d6   0x080023d6   0x00000002   PAD
    0x080023d8   0x080023d8   0x0000026c   Code   RO         3324    i.HAL_UART_IRQHandler  stm32f1xx_hal_uart.o
    0x08002644   0x08002644   0x00000064   Code   RO         3325    i.HAL_UART_Init     stm32f1xx_hal_uart.o
    0x080026a8   0x080026a8   0x00000130   Code   RO          480    i.HAL_UART_MspInit  usart.o
    0x080027d8   0x080027d8   0x0000001c   Code   RO         3330    i.HAL_UART_Receive_IT  stm32f1xx_hal_uart.o
    0x080027f4   0x080027f4   0x00000048   Code   RO         4282    i.HAL_UART_RxCpltCallback  communication.o
    0x0800283c   0x0800283c   0x000000a0   Code   RO         3333    i.HAL_UART_Transmit  stm32f1xx_hal_uart.o
    0x080028dc   0x080028dc   0x00000002   Code   RO         3336    i.HAL_UART_TxCpltCallback  stm32f1xx_hal_uart.o
    0x080028de   0x080028de   0x00000002   Code   RO          536    i.HardFault_Handler  stm32f1xx_it.o
    0x080028e0   0x080028e0   0x0000003a   Code   RO         3828    i.LCD_Address_Set   st7789v2.o
    0x0800291a   0x0800291a   0x00000002   PAD
    0x0800291c   0x0800291c   0x00000058   Code   RO         3829    i.LCD_Clear         st7789v2.o
    0x08002974   0x08002974   0x000000ec   Code   RO         3832    i.LCD_DrawLine      st7789v2.o
    0x08002a60   0x08002a60   0x00000016   Code   RO         3835    i.LCD_Draw_ColorPoint  st7789v2.o
    0x08002a76   0x08002a76   0x00000002   PAD
    0x08002a78   0x08002a78   0x00000080   Code   RO         3837    i.LCD_Fill          st7789v2.o
    0x08002af8   0x08002af8   0x000001b0   Code   RO         3838    i.LCD_Init          st7789v2.o
    0x08002ca8   0x08002ca8   0x00000010   Code   RO         3839    i.LCD_Pow           st7789v2.o
    0x08002cb8   0x08002cb8   0x00000004   Code   RO         3840    i.LCD_SPI_Send      st7789v2.o
    0x08002cbc   0x08002cbc   0x00000004   Code   RO         3841    i.LCD_SPI_Send_DMA  st7789v2.o
    0x08002cc0   0x08002cc0   0x0000012c   Code   RO         3842    i.LCD_ShowChar      st7789v2.o
    0x08002dec   0x08002dec   0x00000074   Code   RO         3843    i.LCD_ShowNum       st7789v2.o
    0x08002e60   0x08002e60   0x00000056   Code   RO         3844    i.LCD_ShowString    st7789v2.o
    0x08002eb6   0x08002eb6   0x00000002   PAD
    0x08002eb8   0x08002eb8   0x00000040   Code   RO         3846    i.LCD_Show_Image_Internal_Flash  st7789v2.o
    0x08002ef8   0x08002ef8   0x0000001c   Code   RO         3848    i.LCD_Write_Cmd     st7789v2.o
    0x08002f14   0x08002f14   0x0000001c   Code   RO         3849    i.LCD_Write_Data    st7789v2.o
    0x08002f30   0x08002f30   0x00000028   Code   RO         3850    i.LCD_Write_Data_16bit  st7789v2.o
    0x08002f58   0x08002f58   0x00000032   Code   RO         4339    i.MODBUS_CRC16      modbus_rtu.o
    0x08002f8a   0x08002f8a   0x00000002   PAD
    0x08002f8c   0x08002f8c   0x000000a8   Code   RO          265    i.MX_ADC1_Init      adc.o
    0x08003034   0x08003034   0x0000006c   Code   RO          313    i.MX_DMA_Init       dma.o
    0x080030a0   0x080030a0   0x0000016c   Code   RO          235    i.MX_GPIO_Init      gpio.o
    0x0800320c   0x0800320c   0x00000048   Code   RO          339    i.MX_SPI1_Init      spi.o
    0x08003254   0x08003254   0x00000044   Code   RO          340    i.MX_SPI2_Init      spi.o
    0x08003298   0x08003298   0x000000f0   Code   RO          407    i.MX_TIM4_Init      tim.o
    0x08003388   0x08003388   0x00000068   Code   RO          408    i.MX_TIM5_Init      tim.o
    0x080033f0   0x080033f0   0x00000044   Code   RO          409    i.MX_TIM6_Init      tim.o
    0x08003434   0x08003434   0x00000044   Code   RO          410    i.MX_TIM7_Init      tim.o
    0x08003478   0x08003478   0x00000038   Code   RO          481    i.MX_USART1_UART_Init  usart.o
    0x080034b0   0x080034b0   0x00000038   Code   RO          482    i.MX_USART2_UART_Init  usart.o
    0x080034e8   0x080034e8   0x00000002   Code   RO          537    i.MemManage_Handler  stm32f1xx_it.o
    0x080034ea   0x080034ea   0x00000002   PAD
    0x080034ec   0x080034ec   0x00000064   Code   RO         4340    i.Modbus_Event      modbus_rtu.o
    0x08003550   0x08003550   0x00000040   Code   RO         4342    i.Modbus_Fun3       modbus_rtu.o
    0x08003590   0x08003590   0x00000014   Code   RO         4343    i.Modbus_Fun4_slave1  modbus_rtu.o
    0x080035a4   0x080035a4   0x00000014   Code   RO         4344    i.Modbus_Fun4_slave2  modbus_rtu.o
    0x080035b8   0x080035b8   0x00000014   Code   RO         4345    i.Modbus_Fun4_slave3  modbus_rtu.o
    0x080035cc   0x080035cc   0x00000002   Code   RO          538    i.NMI_Handler       stm32f1xx_it.o
    0x080035ce   0x080035ce   0x00000002   Code   RO          539    i.PendSV_Handler    stm32f1xx_it.o
    0x080035d0   0x080035d0   0x0000009c   Code   RO         3851    i.PutChinese_12     st7789v2.o
    0x0800366c   0x0800366c   0x0000000c   Code   RO          540    i.SPI1_IRQHandler   stm32f1xx_it.o
    0x08003678   0x08003678   0x00000010   Code   RO          341    i.SPI1_WriteByte    spi.o
    0x08003688   0x08003688   0x00000010   Code   RO          342    i.SPI1_WriteByte_DMA  spi.o
    0x08003698   0x08003698   0x0000000c   Code   RO          541    i.SPI2_IRQHandler   stm32f1xx_it.o
    0x080036a4   0x080036a4   0x00000010   Code   RO         2038    i.SPI_DMAAbortOnError  stm32f1xx_hal_spi.o
    0x080036b4   0x080036b4   0x00000022   Code   RO         2039    i.SPI_DMAError      stm32f1xx_hal_spi.o
    0x080036d6   0x080036d6   0x0000000a   Code   RO         2041    i.SPI_DMAHalfTransmitCplt  stm32f1xx_hal_spi.o
    0x080036e0   0x080036e0   0x00000064   Code   RO         2045    i.SPI_DMATransmitCplt  stm32f1xx_hal_spi.o
    0x08003744   0x08003744   0x00000034   Code   RO         2049    i.SPI_EndRxTxTransaction  stm32f1xx_hal_spi.o
    0x08003778   0x08003778   0x000000b8   Code   RO         2054    i.SPI_WaitFlagStateUntilTimeout  stm32f1xx_hal_spi.o
    0x08003830   0x08003830   0x00000002   Code   RO          542    i.SVC_Handler       stm32f1xx_it.o
    0x08003832   0x08003832   0x00000004   Code   RO          543    i.SysTick_Handler   stm32f1xx_it.o
    0x08003836   0x08003836   0x0000007a   Code   RO           14    i.SystemClock_Config  main.o
    0x080038b0   0x080038b0   0x00000002   Code   RO         3659    i.SystemInit        system_stm32f1xx.o
    0x080038b2   0x080038b2   0x00000002   PAD
    0x080038b4   0x080038b4   0x0000000c   Code   RO          544    i.TIM5_IRQHandler   stm32f1xx_it.o
    0x080038c0   0x080038c0   0x0000000c   Code   RO          545    i.TIM6_IRQHandler   stm32f1xx_it.o
    0x080038cc   0x080038cc   0x0000000c   Code   RO          546    i.TIM7_IRQHandler   stm32f1xx_it.o
    0x080038d8   0x080038d8   0x0000009c   Code   RO         2417    i.TIM_Base_SetConfig  stm32f1xx_hal_tim.o
    0x08003974   0x08003974   0x0000001a   Code   RO         2418    i.TIM_CCxChannelCmd  stm32f1xx_hal_tim.o
    0x0800398e   0x0800398e   0x00000014   Code   RO         2428    i.TIM_ETR_SetConfig  stm32f1xx_hal_tim.o
    0x080039a2   0x080039a2   0x00000010   Code   RO         2429    i.TIM_ITRx_SetConfig  stm32f1xx_hal_tim.o
    0x080039b2   0x080039b2   0x00000002   PAD
    0x080039b4   0x080039b4   0x00000060   Code   RO         2430    i.TIM_OC1_SetConfig  stm32f1xx_hal_tim.o
    0x08003a14   0x08003a14   0x0000006c   Code   RO         2431    i.TIM_OC2_SetConfig  stm32f1xx_hal_tim.o
    0x08003a80   0x08003a80   0x00000068   Code   RO         2432    i.TIM_OC3_SetConfig  stm32f1xx_hal_tim.o
    0x08003ae8   0x08003ae8   0x00000050   Code   RO         2433    i.TIM_OC4_SetConfig  stm32f1xx_hal_tim.o
    0x08003b38   0x08003b38   0x00000022   Code   RO         2435    i.TIM_TI1_ConfigInputStage  stm32f1xx_hal_tim.o
    0x08003b5a   0x08003b5a   0x00000024   Code   RO         2437    i.TIM_TI2_ConfigInputStage  stm32f1xx_hal_tim.o
    0x08003b7e   0x08003b7e   0x00000010   Code   RO         3338    i.UART_DMAAbortOnError  stm32f1xx_hal_uart.o
    0x08003b8e   0x08003b8e   0x0000004e   Code   RO         3348    i.UART_EndRxTransfer  stm32f1xx_hal_uart.o
    0x08003bdc   0x08003bdc   0x000000c2   Code   RO         3350    i.UART_Receive_IT   stm32f1xx_hal_uart.o
    0x08003c9e   0x08003c9e   0x00000002   PAD
    0x08003ca0   0x08003ca0   0x000000b8   Code   RO         3351    i.UART_SetConfig    stm32f1xx_hal_uart.o
    0x08003d58   0x08003d58   0x00000036   Code   RO         3353    i.UART_Start_Receive_IT  stm32f1xx_hal_uart.o
    0x08003d8e   0x08003d8e   0x00000072   Code   RO         3354    i.UART_WaitOnFlagUntilTimeout  stm32f1xx_hal_uart.o
    0x08003e00   0x08003e00   0x0000000c   Code   RO          547    i.USART1_IRQHandler  stm32f1xx_it.o
    0x08003e0c   0x08003e0c   0x0000000c   Code   RO          548    i.USART2_IRQHandler  stm32f1xx_it.o
    0x08003e18   0x08003e18   0x00000002   Code   RO          549    i.UsageFault_Handler  stm32f1xx_it.o
    0x08003e1a   0x08003e1a   0x00000002   Code   RO         4086    i.W25Q64_Test       spi_flash_w25q64.o
    0x08003e1c   0x08003e1c   0x00000020   Code   RO         1513    i.__NVIC_SetPriority  stm32f1xx_hal_cortex.o
    0x08003e3c   0x08003e3c   0x0000000e   Code   RO         4833    i.__scatterload_copy  mc_w.l(handlers.o)
    0x08003e4a   0x08003e4a   0x00000002   Code   RO         4834    i.__scatterload_null  mc_w.l(handlers.o)
    0x08003e4c   0x08003e4c   0x0000000e   Code   RO         4835    i.__scatterload_zeroinit  mc_w.l(handlers.o)
    0x08003e5a   0x08003e5a   0x00000002   PAD
    0x08003e5c   0x08003e5c   0x0000001c   Code   RO         4200    i.buzzer_close      key_crl.o
    0x08003e78   0x08003e78   0x00000010   Code   RO         4201    i.buzzer_open       key_crl.o
    0x08003e88   0x08003e88   0x0000004c   Code   RO         3696    i.channel_switch    gui.o
    0x08003ed4   0x08003ed4   0x000000dc   Code   RO         3697    i.channel_switch1   gui.o
    0x08003fb0   0x08003fb0   0x000000dc   Code   RO         3698    i.channel_switch2   gui.o
    0x0800408c   0x0800408c   0x000000dc   Code   RO         3699    i.channel_switch3   gui.o
    0x08004168   0x08004168   0x00000024   Code   RO         4490    i.delay_ms          delay.o
    0x0800418c   0x0800418c   0x0000004c   Code   RO         4347    i.get_slave1_current_statu_multifunpower  modbus_rtu.o
    0x080041d8   0x080041d8   0x0000004c   Code   RO         4348    i.get_slave2_current_statu_multifunpower  modbus_rtu.o
    0x08004224   0x08004224   0x0000004c   Code   RO         4349    i.get_slave3_current_statu_multifunpower  modbus_rtu.o
    0x08004270   0x08004270   0x00000034   Code   RO         4350    i.get_slave_current_statu_multifunpower  modbus_rtu.o
    0x080042a4   0x080042a4   0x0000004c   Code   RO         4351    i.get_slave_init_statu_multifunpower  modbus_rtu.o
    0x080042f0   0x080042f0   0x00000224   Code   RO         3700    i.gui_icon_init     gui.o
    0x08004514   0x08004514   0x00000034   Code   RO         3701    i.gui_init          gui.o
    0x08004548   0x08004548   0x000000a4   Code   RO         3702    i.icon_beat         gui.o
    0x080045ec   0x080045ec   0x0000002c   Code   RO         4202    i.jump_to_init      key_crl.o
    0x08004618   0x08004618   0x0000004c   Code   RO         4203    i.key1_press        key_crl.o
    0x08004664   0x08004664   0x00000080   Code   RO         4204    i.key2_press        key_crl.o
    0x080046e4   0x080046e4   0x00000080   Code   RO         4205    i.key3_press        key_crl.o
    0x08004764   0x08004764   0x00000054   Code   RO         4206    i.key4_press        key_crl.o
    0x080047b8   0x080047b8   0x00000020   Code   RO         4207    i.key_init          key_crl.o
    0x080047d8   0x080047d8   0x000000ec   Code   RO         4208    i.key_scan          key_crl.o
    0x080048c4   0x080048c4   0x00000128   Code   RO           17    i.main              main.o
    0x080049ec   0x080049ec   0x00000024   Code   RO         4352    i.modbus_send_data  modbus_rtu.o
    0x08004a10   0x08004a10   0x00000090   Code   RO         4354    i.mode1_off         modbus_rtu.o
    0x08004aa0   0x08004aa0   0x00000090   Code   RO         4355    i.mode2_off         modbus_rtu.o
    0x08004b30   0x08004b30   0x00000090   Code   RO         4356    i.mode3_off         modbus_rtu.o
    0x08004bc0   0x08004bc0   0x00000038   Code   RO         4209    i.mode_channel_switch  key_crl.o
    0x08004bf8   0x08004bf8   0x00000030   Code   RO         3703    i.mode_dis          gui.o
    0x08004c28   0x08004c28   0x00000194   Code   RO         3704    i.mode_switch       gui.o
    0x08004dbc   0x08004dbc   0x00000030   Code   RO         4160    i.power_crl         power_crl.o
    0x08004dec   0x08004dec   0x0000002c   Code   RO         3705    i.power_dis         gui.o
    0x08004e18   0x08004e18   0x0000003c   Code   RO         4053    i.pwm_crl           pwm_crl.o
    0x08004e54   0x08004e54   0x00000012   Code   RO         3706    i.refresh_icon      gui.o
    0x08004e66   0x08004e66   0x00000002   PAD
    0x08004e68   0x08004e68   0x000000bc   Code   RO         3707    i.slave_statu_update  gui.o
    0x08004f24   0x08004f24   0x00000060   Code   RO         3708    i.sync_switch       gui.o
    0x08004f84   0x08004f84   0x00000014   Code   RO         3854    i.wait_spi1_dma_transmit  st7789v2.o
    0x08004f98   0x08004f98   0x0000002c   Code   RO         3709    i.wind_dis          gui.o
    0x08004fc4   0x08004fc4   0x000000a4   Code   RO         4357    i.write_slave1_reg  modbus_rtu.o
    0x08005068   0x08005068   0x000000a4   Code   RO         4358    i.write_slave2_reg  modbus_rtu.o
    0x0800510c   0x0800510c   0x000000a4   Code   RO         4359    i.write_slave3_reg  modbus_rtu.o
    0x080051b0   0x080051b0   0x00000070   Code   RO         4360    i.write_slave_reg   modbus_rtu.o
    0x08005220   0x08005220   0x00000012   Data   RO         1211    .constdata          stm32f1xx_hal_rcc.o
    0x08005232   0x08005232   0x00000012   Data   RO         1303    .constdata          stm32f1xx_hal_rcc_ex.o
    0x08005244   0x08005244   0x00000010   Data   RO         3660    .constdata          system_stm32f1xx.o
    0x08005254   0x08005254   0x00000008   Data   RO         3661    .constdata          system_stm32f1xx.o
    0x0800525c   0x0800525c   0x00006d54   Data   RO         3711    .constdata          gui.o
    0x0800bfb0   0x0800bfb0   0x00004d00   Data   RO         3856    .constdata          st7789v2.o
    0x08010cb0   0x08010cb0   0x00000020   Data   RO         4831    Region$$Table       anon$$obj.o


    Execution Region RW_IRAM1 (Exec base: 0x20000000, Load base: 0x08010cd0, Size: 0x00000f78, Max: 0x0000c000, ABSOLUTE)

    Exec Addr    Load Addr    Size         Type   Attr      Idx    E Section Name        Object

    0x20000000   0x08010cd0   0x00000001   Data   RW           18    .data               main.o
    0x20000001   0x08010cd1   0x00000001   PAD
    0x20000002   0x08010cd2   0x0000000a   Data   RW          412    .data               tim.o
    0x2000000c   0x08010cdc   0x0000000c   Data   RW         1048    .data               stm32f1xx_hal.o
    0x20000018   0x08010ce8   0x00000004   Data   RW         3662    .data               system_stm32f1xx.o
    0x2000001c   0x08010cec   0x00000006   Data   RW         3716    .data               gui.o
    0x20000022   0x08010cf2   0x00000004   Data   RW         3857    .data               st7789v2.o
    0x20000026   0x08010cf6   0x00000002   Data   RW         3858    .data               st7789v2.o
    0x20000028   0x08010cf8   0x00000004   Data   RW         4161    .data               power_crl.o
    0x2000002c   0x08010cfc   0x00000001   Data   RW         4162    .data               power_crl.o
    0x2000002d   0x08010cfd   0x00000003   PAD
    0x20000030        -       0x00000030   Zero   RW          266    .bss                adc.o
    0x20000060        -       0x0000017c   Zero   RW          344    .bss                spi.o
    0x200001dc        -       0x00000120   Zero   RW          411    .bss                tim.o
    0x200002fc        -       0x00000118   Zero   RW          483    .bss                usart.o
    0x20000414        -       0x00000018   Zero   RW         3710    .bss                gui.o
    0x2000042c        -       0x00000600   Zero   RW         3855    .bss                st7789v2.o
    0x20000a2c        -       0x0000000a   Zero   RW         4210    .bss                key_crl.o
    0x20000a36        -       0x000000cc   Zero   RW         4283    .bss                communication.o
    0x20000b02        -       0x00000075   Zero   RW         4361    .bss                modbus_rtu.o
    0x20000b77   0x08010cfd   0x00000001   PAD
    0x20000b78        -       0x00000400   Zero   RW            1    STACK               startup_stm32f103xe.o


==============================================================================

Image component sizes


      Code (inc. data)   RO Data    RW Data    ZI Data      Debug   Object Name

       308         26          0          0         48       1653   adc.o
        72         12          0          0        204       1446   communication.o
        36          0          0          0          0        463   delay.o
       108          4          0          0          0        718   dma.o
       364         24          0          0          0        975   gpio.o
      2342        200      27988          6         24       9838   gui.o
       828         96          0          0         10       6041   key_crl.o
       422         48          0          1          0     517780   main.o
      1702        230          0          0        117      11921   modbus_rtu.o
        64         12          0          5          0       1715   power_crl.o
        60         10          0          0          0        598   pwm_crl.o
       516         58          0          0        380       3379   spi.o
         2          0          0          0          0        394   spi_flash_w25q64.o
      1850         82      19712          6       1536      14513   st7789v2.o
        36          8        304          0       1024        768   startup_stm32f103xe.o
       164         28          0         12          0       6229   stm32f1xx_hal.o
       974         38          0          0          0       5732   stm32f1xx_hal_adc.o
       218          6          0          0          0       1875   stm32f1xx_hal_adc_ex.o
       198         14          0          0          0      28735   stm32f1xx_hal_cortex.o
      1236         52          0          0          0       4874   stm32f1xx_hal_dma.o
       548         48          0          0          0       3950   stm32f1xx_hal_gpio.o
        60          8          0          0          0        806   stm32f1xx_hal_msp.o
      1240         84         18          0          0       4900   stm32f1xx_hal_rcc.o
       420         30         18          0          0       2413   stm32f1xx_hal_rcc_ex.o
      1364         22          0          0          0       9099   stm32f1xx_hal_spi.o
      1930         98          0          0          0      16049   stm32f1xx_hal_tim.o
       128         20          0          0          0       2261   stm32f1xx_hal_tim_ex.o
      1554         10          0          0          0      10472   stm32f1xx_hal_uart.o
       182         78          0          0          0       9200   stm32f1xx_it.o
         2          0         24          4          0       1011   system_stm32f1xx.o
      1164        114          0         10        288       4967   tim.o
       416         40          0          0        280       2369   usart.o

    ----------------------------------------------------------------------
     20556       1500      48096         48       3912     687144   Object Totals
         0          0         32          0          0          0   (incl. Generated)
        48          0          0          4          1          0   (incl. Padding)

    ----------------------------------------------------------------------

      Code (inc. data)   RO Data    RW Data    ZI Data      Debug   Library Member Name

         0          0          0          0          0          0   entry.o
         0          0          0          0          0          0   entry10a.o
         0          0          0          0          0          0   entry11a.o
         4          0          0          0          0          0   entry12b.o
         8          4          0          0          0          0   entry2.o
         4          0          0          0          0          0   entry5.o
         0          0          0          0          0          0   entry7b.o
         0          0          0          0          0          0   entry8b.o
         8          4          0          0          0          0   entry9a.o
        30          0          0          0          0          0   handlers.o
        36          8          0          0          0         68   init.o
        36          0          0          0          0         68   memcpya.o
        36          0          0          0          0        108   memseta.o

    ----------------------------------------------------------------------
       164         16          0          0          0        244   Library Totals
         2          0          0          0          0          0   (incl. Padding)

    ----------------------------------------------------------------------

      Code (inc. data)   RO Data    RW Data    ZI Data      Debug   Library Name

       162         16          0          0          0        244   mc_w.l

    ----------------------------------------------------------------------
       164         16          0          0          0        244   Library Totals

    ----------------------------------------------------------------------

==============================================================================


      Code (inc. data)   RO Data    RW Data    ZI Data      Debug   

     20720       1516      48096         48       3912     677244   Grand Totals
     20720       1516      48096         48       3912     677244   ELF Image Totals
     20720       1516      48096         48          0          0   ROM Totals

==============================================================================

    Total RO  Size (Code + RO Data)                68816 (  67.20kB)
    Total RW  Size (RW Data + ZI Data)              3960 (   3.87kB)
    Total ROM Size (Code + RO Data + RW Data)      68864 (  67.25kB)

==============================================================================

